<?xml version="1.0" encoding="UTF-8"?>
<map:map xmlns:map="http://www.indy.com/v2/map" id="_QKANwNtcEe-WqZzf9NOHeA" internalVersion="8" tech="resource.tech#_waYSMH8VEd2__Mzb_dB76A?fileId=_waYSMH8VEd2__Mzb_dB76A$type=tech$name=flow?">
  <datastore id="_UPYHsNtcEe-WqZzf9NOHeA" alias="Ticket_test" dataset="_UPjt4NtcEe-WqZzf9NOHeA" ref="resource.md#_CW1Y0NtcEe-WqZzf9NOHeA?fileId=_wERdANnSEe-OZtJVOz9TVA$type=md$name=Ticket_test?">
    <field id="_UPbLCNtcEe-WqZzf9NOHeA" fullAlias="DAT_OUV" name="DAT_OUV" parent="_UPZV0NtcEe-WqZzf9NOHeA" ref="resource.md#_ImCGJttcEe-WqZzf9NOHeA?fileId=_wERdANnSEe-OZtJVOz9TVA$type=md$name=DAT_OUV?"/>
    <field id="_UPbLCdtcEe-WqZzf9NOHeA" fullAlias="DAT_FRM" name="DAT_FRM" parent="_UPZV0NtcEe-WqZzf9NOHeA" ref="resource.md#_ImCGKttcEe-WqZzf9NOHeA?fileId=_wERdANnSEe-OZtJVOz9TVA$type=md$name=DAT_FRM?"/>
    <field id="_UPZ86ttcEe-WqZzf9NOHeA" fullAlias="MNT_BRU" name="MNT_BRU" parent="_UPZV0NtcEe-WqZzf9NOHeA" ref="resource.md#_ImA4BdtcEe-WqZzf9NOHeA?fileId=_wERdANnSEe-OZtJVOz9TVA$type=md$name=MNT_BRU?"/>
    <field id="_UPbLAdtcEe-WqZzf9NOHeA" fullAlias="COD_POS" name="COD_POS" parent="_UPZV0NtcEe-WqZzf9NOHeA" ref="resource.md#_ImCGCNtcEe-WqZzf9NOHeA?fileId=_wERdANnSEe-OZtJVOz9TVA$type=md$name=COD_POS?"/>
    <field id="_UPZ84NtcEe-WqZzf9NOHeA" fullAlias="COD_ENS" name="COD_ENS" parent="_UPZV0NtcEe-WqZzf9NOHeA" ref="resource.md#_ImAQ0NtcEe-WqZzf9NOHeA?fileId=_wERdANnSEe-OZtJVOz9TVA$type=md$name=COD_ENS?"/>
    <field id="_UPaj8ttcEe-WqZzf9NOHeA" fullAlias="ADR3" name="ADR3" parent="_UPZV0NtcEe-WqZzf9NOHeA" ref="resource.md#_ImCGANtcEe-WqZzf9NOHeA?fileId=_wERdANnSEe-OZtJVOz9TVA$type=md$name=ADR3?"/>
    <field id="_UPZV0NtcEe-WqZzf9NOHeA" expand="true" name="Ticket_test" ref="resource.md#_CW1Y0NtcEe-WqZzf9NOHeA?fileId=_wERdANnSEe-OZtJVOz9TVA$type=md$name=Ticket_test?" updateKey="true"/>
    <field id="_UPbLA9tcEe-WqZzf9NOHeA" fullAlias="REG_MAG" name="REG_MAG" parent="_UPZV0NtcEe-WqZzf9NOHeA" ref="resource.md#_ImCGENtcEe-WqZzf9NOHeA?fileId=_wERdANnSEe-OZtJVOz9TVA$type=md$name=REG_MAG?"/>
    <field id="_UPZ869tcEe-WqZzf9NOHeA" fullAlias="MNT_TTC" name="MNT_TTC" parent="_UPZV0NtcEe-WqZzf9NOHeA" ref="resource.md#_ImBe8NtcEe-WqZzf9NOHeA?fileId=_wERdANnSEe-OZtJVOz9TVA$type=md$name=MNT_TTC?"/>
    <field id="_UPZ87dtcEe-WqZzf9NOHeA" fullAlias="TX_TVA" name="TX_TVA" parent="_UPZV0NtcEe-WqZzf9NOHeA" ref="resource.md#_ImBe-dtcEe-WqZzf9NOHeA?fileId=_wERdANnSEe-OZtJVOz9TVA$type=md$name=TX_TVA?"/>
    <field id="_UPZ879tcEe-WqZzf9NOHeA" fullAlias="REM_TIC" name="REM_TIC" parent="_UPZV0NtcEe-WqZzf9NOHeA" ref="resource.md#_ImBfAttcEe-WqZzf9NOHeA?fileId=_wERdANnSEe-OZtJVOz9TVA$type=md$name=REM_TIC?"/>
    <field id="_UPbLBdtcEe-WqZzf9NOHeA" fullAlias="EMAIL" name="EMAIL" parent="_UPZV0NtcEe-WqZzf9NOHeA" ref="resource.md#_ImCGGNtcEe-WqZzf9NOHeA?fileId=_wERdANnSEe-OZtJVOz9TVA$type=md$name=EMAIL?"/>
    <field id="_UPZ849tcEe-WqZzf9NOHeA" fullAlias="COD_ART" name="COD_ART" parent="_UPZV0NtcEe-WqZzf9NOHeA" ref="resource.md#_ImA36dtcEe-WqZzf9NOHeA?fileId=_wERdANnSEe-OZtJVOz9TVA$type=md$name=COD_ART?"/>
    <field id="_UPbLANtcEe-WqZzf9NOHeA" fullAlias="VIL_MAG" name="VIL_MAG" parent="_UPZV0NtcEe-WqZzf9NOHeA" ref="resource.md#_ImCGBNtcEe-WqZzf9NOHeA?fileId=_wERdANnSEe-OZtJVOz9TVA$type=md$name=VIL_MAG?"/>
    <field id="_UPaj8NtcEe-WqZzf9NOHeA" fullAlias="ADR1" name="ADR1" parent="_UPZV0NtcEe-WqZzf9NOHeA" ref="resource.md#_ImBfFNtcEe-WqZzf9NOHeA?fileId=_wERdANnSEe-OZtJVOz9TVA$type=md$name=ADR1?"/>
    <field id="_UPZ88NtcEe-WqZzf9NOHeA" fullAlias="TX_DEV" name="TX_DEV" parent="_UPZV0NtcEe-WqZzf9NOHeA" ref="resource.md#_ImBfB9tcEe-WqZzf9NOHeA?fileId=_wERdANnSEe-OZtJVOz9TVA$type=md$name=TX_DEV?"/>
    <field id="_UPZ84ttcEe-WqZzf9NOHeA" fullAlias="LIB_MAG" name="LIB_MAG" parent="_UPZV0NtcEe-WqZzf9NOHeA" ref="resource.md#_ImA35dtcEe-WqZzf9NOHeA?fileId=_wERdANnSEe-OZtJVOz9TVA$type=md$name=LIB_MAG?"/>
    <field id="_UPbLAttcEe-WqZzf9NOHeA" fullAlias="DEP_MAG" name="DEP_MAG" parent="_UPZV0NtcEe-WqZzf9NOHeA" ref="resource.md#_ImCGDNtcEe-WqZzf9NOHeA?fileId=_wERdANnSEe-OZtJVOz9TVA$type=md$name=DEP_MAG?"/>
    <field id="_UPbLB9tcEe-WqZzf9NOHeA" fullAlias="LAT" name="LAT" parent="_UPZV0NtcEe-WqZzf9NOHeA" ref="resource.md#_ImCGIdtcEe-WqZzf9NOHeA?fileId=_wERdANnSEe-OZtJVOz9TVA$type=md$name=LAT?"/>
    <field id="_UPZ84dtcEe-WqZzf9NOHeA" fullAlias="LIB_ENS" name="LIB_ENS" parent="_UPZV0NtcEe-WqZzf9NOHeA" ref="resource.md#_ImA34dtcEe-WqZzf9NOHeA?fileId=_wERdANnSEe-OZtJVOz9TVA$type=md$name=LIB_ENS?"/>
    <field id="_UPbLBttcEe-WqZzf9NOHeA" fullAlias="LNG" name="LNG" parent="_UPZV0NtcEe-WqZzf9NOHeA" ref="resource.md#_ImCGHNtcEe-WqZzf9NOHeA?fileId=_wERdANnSEe-OZtJVOz9TVA$type=md$name=LNG?"/>
    <field id="_UPZ87NtcEe-WqZzf9NOHeA" fullAlias="COD_DEV" name="COD_DEV" parent="_UPZV0NtcEe-WqZzf9NOHeA" ref="resource.md#_ImBe9dtcEe-WqZzf9NOHeA?fileId=_wERdANnSEe-OZtJVOz9TVA$type=md$name=COD_DEV?"/>
    <field id="_UPZ85ttcEe-WqZzf9NOHeA" fullAlias="NUM_TIC_LIG" name="NUM_TIC_LIG" parent="_UPZV0NtcEe-WqZzf9NOHeA" ref="resource.md#_ImA39dtcEe-WqZzf9NOHeA?fileId=_wERdANnSEe-OZtJVOz9TVA$type=md$name=NUM_TIC_LIG?"/>
    <field id="_UPZ86dtcEe-WqZzf9NOHeA" fullAlias="QTE" name="QTE" parent="_UPZV0NtcEe-WqZzf9NOHeA" ref="resource.md#_ImA4AdtcEe-WqZzf9NOHeA?fileId=_wERdANnSEe-OZtJVOz9TVA$type=md$name=QTE?"/>
    <field id="_UPZ87ttcEe-WqZzf9NOHeA" fullAlias="REM_LIN" name="REM_LIN" parent="_UPZV0NtcEe-WqZzf9NOHeA" ref="resource.md#_ImBe_dtcEe-WqZzf9NOHeA?fileId=_wERdANnSEe-OZtJVOz9TVA$type=md$name=REM_LIN?"/>
    <field id="_UPZ85NtcEe-WqZzf9NOHeA" fullAlias="DAT_HEU_TIC" name="DAT_HEU_TIC" parent="_UPZV0NtcEe-WqZzf9NOHeA" ref="resource.md#_ImA37dtcEe-WqZzf9NOHeA?fileId=_wERdANnSEe-OZtJVOz9TVA$type=md$name=DAT_HEU_TIC?"/>
    <field id="_UPZ86NtcEe-WqZzf9NOHeA" fullAlias="COD_VEN" name="COD_VEN" parent="_UPZV0NtcEe-WqZzf9NOHeA" ref="resource.md#_ImA3_dtcEe-WqZzf9NOHeA?fileId=_wERdANnSEe-OZtJVOz9TVA$type=md$name=COD_VEN?"/>
    <field id="_UPZ88dtcEe-WqZzf9NOHeA" fullAlias="COD_PAY" name="COD_PAY" parent="_UPZV0NtcEe-WqZzf9NOHeA" ref="resource.md#_ImBfDNtcEe-WqZzf9NOHeA?fileId=_wERdANnSEe-OZtJVOz9TVA$type=md$name=COD_PAY?"/>
    <field id="_UPbLBNtcEe-WqZzf9NOHeA" fullAlias="TEL" name="TEL" parent="_UPZV0NtcEe-WqZzf9NOHeA" ref="resource.md#_ImCGFNtcEe-WqZzf9NOHeA?fileId=_wERdANnSEe-OZtJVOz9TVA$type=md$name=TEL?"/>
    <field id="_UPZ88ttcEe-WqZzf9NOHeA" fullAlias="LIB_PAY" name="LIB_PAY" parent="_UPZV0NtcEe-WqZzf9NOHeA" ref="resource.md#_ImBfENtcEe-WqZzf9NOHeA?fileId=_wERdANnSEe-OZtJVOz9TVA$type=md$name=LIB_PAY?"/>
    <field id="_UPbLCttcEe-WqZzf9NOHeA" fullAlias="SCHEDULE" name="SCHEDULE" parent="_UPZV0NtcEe-WqZzf9NOHeA" ref="resource.md#_ImCGLttcEe-WqZzf9NOHeA?fileId=_wERdANnSEe-OZtJVOz9TVA$type=md$name=SCHEDULE?"/>
    <field id="_UPZ85dtcEe-WqZzf9NOHeA" fullAlias="NUM_TIC" name="NUM_TIC" parent="_UPZV0NtcEe-WqZzf9NOHeA" ref="resource.md#_ImA38dtcEe-WqZzf9NOHeA?fileId=_wERdANnSEe-OZtJVOz9TVA$type=md$name=NUM_TIC?"/>
    <field id="_UPZ859tcEe-WqZzf9NOHeA" fullAlias="COD_CAI" name="COD_CAI" parent="_UPZV0NtcEe-WqZzf9NOHeA" ref="resource.md#_ImA3-dtcEe-WqZzf9NOHeA?fileId=_wERdANnSEe-OZtJVOz9TVA$type=md$name=COD_CAI?"/>
    <field id="_UPaj8dtcEe-WqZzf9NOHeA" fullAlias="ADR2" name="ADR2" parent="_UPZV0NtcEe-WqZzf9NOHeA" ref="resource.md#_ImBfGNtcEe-WqZzf9NOHeA?fileId=_wERdANnSEe-OZtJVOz9TVA$type=md$name=ADR2?"/>
  </datastore>
  <datastore id="_BoX64NtdEe-WqZzf9NOHeA" alias="SAS_TICKET" dataset="_BpJ-ANtdEe-WqZzf9NOHeA" ref="resource.md#_Qkhn9tqNEe-2vscanfRwMw?fileId=_3fJz0NnKEe-OZtJVOz9TVA$type=md$name=SAS_TICKET?" subExpression="[A]">
    <field id="_Bo6GYNtdEe-WqZzf9NOHeA" enable="true" insert="true" name="LIB_PAY" ref="resource.md#_QkiO_NqNEe-2vscanfRwMw?fileId=_3fJz0NnKEe-OZtJVOz9TVA$type=md$name=LIB_PAY?" update="true">
      <expression id="_CQwwkNtdEe-WqZzf9NOHeA" setDescriptorRef="_CQvicNtdEe-WqZzf9NOHeA">
        <expression>Ticket_test.LIB_PAY</expression>
      </expression>
    </field>
    <field id="_BpA0ENtdEe-WqZzf9NOHeA" enable="true" insert="true" name="LAT" ref="resource.md#_QkiPPtqNEe-2vscanfRwMw?fileId=_3fJz0NnKEe-OZtJVOz9TVA$type=md$name=LAT?" update="true">
      <expression id="_CQwwkdtdEe-WqZzf9NOHeA" setDescriptorRef="_CQvicNtdEe-WqZzf9NOHeA">
        <expression>Ticket_test.LAT</expression>
      </expression>
    </field>
    <field id="_BpCCMdtdEe-WqZzf9NOHeA" enable="true" insert="true" name="SCHEDULE" ref="resource.md#_QkiPUNqNEe-2vscanfRwMw?fileId=_3fJz0NnKEe-OZtJVOz9TVA$type=md$name=SCHEDULE?" update="true">
      <expression id="_CQwwkttdEe-WqZzf9NOHeA" setDescriptorRef="_CQvicNtdEe-WqZzf9NOHeA">
        <expression>Ticket_test.SCHEDULE</expression>
      </expression>
    </field>
    <field id="_Bo9JsNtdEe-WqZzf9NOHeA" enable="true" insert="true" name="DEP_MAG" ref="resource.md#_QkiPINqNEe-2vscanfRwMw?fileId=_3fJz0NnKEe-OZtJVOz9TVA$type=md$name=DEP_MAG?" update="true">
      <expression id="_CQxXoNtdEe-WqZzf9NOHeA" setDescriptorRef="_CQvicNtdEe-WqZzf9NOHeA">
        <expression>Ticket_test.DEP_MAG</expression>
      </expression>
    </field>
    <field id="_Bo3DENtdEe-WqZzf9NOHeA" enable="true" insert="true" name="REM_LIN" ref="resource.md#_QkiO5NqNEe-2vscanfRwMw?fileId=_3fJz0NnKEe-OZtJVOz9TVA$type=md$name=REM_LIN?" update="true">
      <expression id="_CQxXodtdEe-WqZzf9NOHeA" setDescriptorRef="_CQvicNtdEe-WqZzf9NOHeA">
        <expression>Ticket_test.REM_LIN</expression>
      </expression>
    </field>
    <field id="_Bo--4NtdEe-WqZzf9NOHeA" enable="true" insert="true" name="EMAIL" ref="resource.md#_QkiPMtqNEe-2vscanfRwMw?fileId=_3fJz0NnKEe-OZtJVOz9TVA$type=md$name=EMAIL?" update="true">
      <expression id="_CQxXottdEe-WqZzf9NOHeA" setDescriptorRef="_CQvicNtdEe-WqZzf9NOHeA">
        <expression>Ticket_test.EMAIL</expression>
      </expression>
    </field>
    <field id="_Bo6tcNtdEe-WqZzf9NOHeA" enable="true" insert="true" name="ADR1" ref="resource.md#_QkiPAtqNEe-2vscanfRwMw?fileId=_3fJz0NnKEe-OZtJVOz9TVA$type=md$name=ADR1?" update="true">
      <expression id="_CQx-sNtdEe-WqZzf9NOHeA" setDescriptorRef="_CQvicNtdEe-WqZzf9NOHeA">
        <expression>Ticket_test.ADR1</expression>
      </expression>
    </field>
    <field id="_BosrANtdEe-WqZzf9NOHeA" enable="true" insert="true" name="COD_ENS" ref="resource.md#_Qkhn-dqNEe-2vscanfRwMw?fileId=_3fJz0NnKEe-OZtJVOz9TVA$type=md$name=COD_ENS?" update="true">
      <expression id="_CQx-sdtdEe-WqZzf9NOHeA" setDescriptorRef="_CQvicNtdEe-WqZzf9NOHeA">
        <expression>Ticket_test.COD_ENS</expression>
      </expression>
    </field>
    <field id="_BovuUNtdEe-WqZzf9NOHeA" enable="true" insert="true" name="NUM_TIC" ref="resource.md#_QkhoF9qNEe-2vscanfRwMw?fileId=_3fJz0NnKEe-OZtJVOz9TVA$type=md$name=NUM_TIC?" update="true">
      <expression id="_CQx-sttdEe-WqZzf9NOHeA" setDescriptorRef="_CQvicNtdEe-WqZzf9NOHeA">
        <expression>Ticket_test.NUM_TIC</expression>
      </expression>
    </field>
    <field id="_Bo2cANtdEe-WqZzf9NOHeA" enable="true" insert="true" name="TX_TVA" ref="resource.md#_QkiO3tqNEe-2vscanfRwMw?fileId=_3fJz0NnKEe-OZtJVOz9TVA$type=md$name=TX_TVA?" update="true">
      <expression id="_CQylwNtdEe-WqZzf9NOHeA" setDescriptorRef="_CQvicNtdEe-WqZzf9NOHeA">
        <expression>Ticket_test.TX_TVA</expression>
      </expression>
    </field>
    <field id="_BoxjgNtdEe-WqZzf9NOHeA" enable="true" insert="true" name="COD_CAI" ref="resource.md#_QkiOutqNEe-2vscanfRwMw?fileId=_3fJz0NnKEe-OZtJVOz9TVA$type=md$name=COD_CAI?" update="true">
      <expression id="_CQzM0NtdEe-WqZzf9NOHeA" setDescriptorRef="_CQvicNtdEe-WqZzf9NOHeA">
        <expression>Ticket_test.COD_CAI</expression>
      </expression>
    </field>
    <field id="_Bo0m0NtdEe-WqZzf9NOHeA" enable="true" insert="true" name="MNT_TTC" ref="resource.md#_QkiO0tqNEe-2vscanfRwMw?fileId=_3fJz0NnKEe-OZtJVOz9TVA$type=md$name=MNT_TTC?" update="true">
      <expression id="_CQzM0dtdEe-WqZzf9NOHeA" setDescriptorRef="_CQvicNtdEe-WqZzf9NOHeA">
        <expression>Ticket_test.MNT_TTC</expression>
      </expression>
    </field>
    <field id="_Bo77kNtdEe-WqZzf9NOHeA" enable="true" insert="true" name="VIL_MAG" ref="resource.md#_QkiPFNqNEe-2vscanfRwMw?fileId=_3fJz0NnKEe-OZtJVOz9TVA$type=md$name=VIL_MAG?" update="true">
      <expression id="_CQzz4NtdEe-WqZzf9NOHeA" setDescriptorRef="_CQvicNtdEe-WqZzf9NOHeA">
        <expression>Ticket_test.VIL_MAG</expression>
      </expression>
    </field>
    <field id="_BovHQNtdEe-WqZzf9NOHeA" enable="true" insert="true" name="DAT_HEU_TIC" ref="resource.md#_QkhoEdqNEe-2vscanfRwMw?fileId=_3fJz0NnKEe-OZtJVOz9TVA$type=md$name=DAT_HEU_TIC?" update="true">
      <expression id="_CQzz4dtdEe-WqZzf9NOHeA" setDescriptorRef="_CQvicNtdEe-WqZzf9NOHeA">
        <expression>Ticket_test.DAT_HEU_TIC</expression>
      </expression>
    </field>
    <field id="_Bo108NtdEe-WqZzf9NOHeA" enable="true" insert="true" name="COD_DEV" ref="resource.md#_QkiO2NqNEe-2vscanfRwMw?fileId=_3fJz0NnKEe-OZtJVOz9TVA$type=md$name=COD_DEV?" update="true">
      <expression id="_CQzz4ttdEe-WqZzf9NOHeA" setDescriptorRef="_CQvicNtdEe-WqZzf9NOHeA">
        <expression>Ticket_test.COD_DEV</expression>
      </expression>
    </field>
    <field id="_BougMdtdEe-WqZzf9NOHeA" enable="true" insert="true" name="COD_ART" ref="resource.md#_QkhoC9qNEe-2vscanfRwMw?fileId=_3fJz0NnKEe-OZtJVOz9TVA$type=md$name=COD_ART?" update="true">
      <expression id="_CQ0a8NtdEe-WqZzf9NOHeA" setDescriptorRef="_CQvicNtdEe-WqZzf9NOHeA">
        <expression>Ticket_test.COD_ART</expression>
      </expression>
    </field>
    <field id="_Bo44QNtdEe-WqZzf9NOHeA" enable="true" insert="true" name="TX_DEV" ref="resource.md#_QkiO8NqNEe-2vscanfRwMw?fileId=_3fJz0NnKEe-OZtJVOz9TVA$type=md$name=TX_DEV?" update="true">
      <expression id="_CQ0a8dtdEe-WqZzf9NOHeA" setDescriptorRef="_CQvicNtdEe-WqZzf9NOHeA">
        <expression>Ticket_test.TX_DEV</expression>
      </expression>
    </field>
    <field id="_BoyxoNtdEe-WqZzf9NOHeA" enable="true" insert="true" name="QTE" ref="resource.md#_QkiOxtqNEe-2vscanfRwMw?fileId=_3fJz0NnKEe-OZtJVOz9TVA$type=md$name=QTE?" update="true">
      <expression id="_CQ1pENtdEe-WqZzf9NOHeA" setDescriptorRef="_CQvicNtdEe-WqZzf9NOHeA">
        <expression>Ticket_test.QTE</expression>
      </expression>
    </field>
    <field id="_Bot5INtdEe-WqZzf9NOHeA" enable="true" insert="true" name="LIB_ENS" ref="resource.md#_Qkhn_9qNEe-2vscanfRwMw?fileId=_3fJz0NnKEe-OZtJVOz9TVA$type=md$name=LIB_ENS?" update="true">
      <expression id="_CQ2QINtdEe-WqZzf9NOHeA" setDescriptorRef="_CQvicNtdEe-WqZzf9NOHeA">
        <expression>Ticket_test.LIB_ENS</expression>
      </expression>
    </field>
    <field id="_Bo8ioNtdEe-WqZzf9NOHeA" enable="true" insert="true" name="COD_POS" ref="resource.md#_QkiPGtqNEe-2vscanfRwMw?fileId=_3fJz0NnKEe-OZtJVOz9TVA$type=md$name=COD_POS?" update="true">
      <expression id="_CQ2QIdtdEe-WqZzf9NOHeA" setDescriptorRef="_CQvicNtdEe-WqZzf9NOHeA">
        <expression>Ticket_test.COD_POS</expression>
      </expression>
    </field>
    <field id="_Boz_wNtdEe-WqZzf9NOHeA" enable="true" insert="true" name="MNT_BRU" ref="resource.md#_QkiOzNqNEe-2vscanfRwMw?fileId=_3fJz0NnKEe-OZtJVOz9TVA$type=md$name=MNT_BRU?" update="true">
      <expression id="_CQ23MNtdEe-WqZzf9NOHeA" setDescriptorRef="_CQvicNtdEe-WqZzf9NOHeA">
        <expression>Ticket_test.MNT_BRU</expression>
      </expression>
    </field>
    <field id="_BpBbINtdEe-WqZzf9NOHeA" enable="true" insert="true" name="DAT_OUV" ref="resource.md#_QkiPRNqNEe-2vscanfRwMw?fileId=_3fJz0NnKEe-OZtJVOz9TVA$type=md$name=DAT_OUV?" update="true">
      <expression id="_CQ23MdtdEe-WqZzf9NOHeA" setDescriptorRef="_CQvicNtdEe-WqZzf9NOHeA">
        <expression>Ticket_test.DAT_OUV</expression>
      </expression>
    </field>
    <field id="_Bo-X0NtdEe-WqZzf9NOHeA" enable="true" insert="true" name="TEL" ref="resource.md#_QkiPLNqNEe-2vscanfRwMw?fileId=_3fJz0NnKEe-OZtJVOz9TVA$type=md$name=TEL?" update="true">
      <expression id="_CQ3eQNtdEe-WqZzf9NOHeA" setDescriptorRef="_CQvicNtdEe-WqZzf9NOHeA">
        <expression>Ticket_test.TEL</expression>
      </expression>
    </field>
    <field id="_Bo7UgNtdEe-WqZzf9NOHeA" enable="true" insert="true" name="ADR3" ref="resource.md#_QkiPDtqNEe-2vscanfRwMw?fileId=_3fJz0NnKEe-OZtJVOz9TVA$type=md$name=ADR3?" update="true">
      <expression id="_CQ3eQdtdEe-WqZzf9NOHeA" setDescriptorRef="_CQvicNtdEe-WqZzf9NOHeA">
        <expression>Ticket_test.ADR3</expression>
      </expression>
    </field>
    <field id="_Bo9wwNtdEe-WqZzf9NOHeA" enable="true" insert="true" name="REG_MAG" ref="resource.md#_QkiPJtqNEe-2vscanfRwMw?fileId=_3fJz0NnKEe-OZtJVOz9TVA$type=md$name=REG_MAG?" update="true">
      <expression id="_CQ4FUNtdEe-WqZzf9NOHeA" setDescriptorRef="_CQvicNtdEe-WqZzf9NOHeA">
        <expression>Ticket_test.REG_MAG</expression>
      </expression>
    </field>
    <field id="_BpANANtdEe-WqZzf9NOHeA" enable="true" insert="true" name="LNG" ref="resource.md#_QkiPONqNEe-2vscanfRwMw?fileId=_3fJz0NnKEe-OZtJVOz9TVA$type=md$name=LNG?" update="true">
      <expression id="_CQ4sYNtdEe-WqZzf9NOHeA" setDescriptorRef="_CQvicNtdEe-WqZzf9NOHeA">
        <expression>Ticket_test.LNG</expression>
      </expression>
    </field>
    <field id="_Bo6tcdtdEe-WqZzf9NOHeA" enable="true" insert="true" name="ADR2" ref="resource.md#_QkiPCNqNEe-2vscanfRwMw?fileId=_3fJz0NnKEe-OZtJVOz9TVA$type=md$name=ADR2?" update="true">
      <expression id="_CQ4sYdtdEe-WqZzf9NOHeA" setDescriptorRef="_CQvicNtdEe-WqZzf9NOHeA">
        <expression>Ticket_test.ADR2</expression>
      </expression>
    </field>
    <field id="_BpCCMNtdEe-WqZzf9NOHeA" enable="true" insert="true" name="DAT_FRM" ref="resource.md#_QkiPStqNEe-2vscanfRwMw?fileId=_3fJz0NnKEe-OZtJVOz9TVA$type=md$name=DAT_FRM?" update="true">
      <expression id="_CQ4sYttdEe-WqZzf9NOHeA" setDescriptorRef="_CQvicNtdEe-WqZzf9NOHeA">
        <expression>Ticket_test.DAT_FRM</expression>
      </expression>
    </field>
    <field id="_BougMNtdEe-WqZzf9NOHeA" enable="true" insert="true" name="LIB_MAG" ref="resource.md#_QkhoBdqNEe-2vscanfRwMw?fileId=_3fJz0NnKEe-OZtJVOz9TVA$type=md$name=LIB_MAG?" update="true">
      <expression id="_CQ5TcNtdEe-WqZzf9NOHeA" setDescriptorRef="_CQvicNtdEe-WqZzf9NOHeA">
        <expression>Ticket_test.LIB_MAG</expression>
      </expression>
    </field>
    <field id="_BoyKkNtdEe-WqZzf9NOHeA" enable="true" insert="true" name="COD_VEN" ref="resource.md#_QkiOwNqNEe-2vscanfRwMw?fileId=_3fJz0NnKEe-OZtJVOz9TVA$type=md$name=COD_VEN?" update="true">
      <expression id="_CQ5TcdtdEe-WqZzf9NOHeA" setDescriptorRef="_CQvicNtdEe-WqZzf9NOHeA">
        <expression>Ticket_test.COD_VEN</expression>
      </expression>
    </field>
    <field id="_Bow8cNtdEe-WqZzf9NOHeA" enable="true" insert="true" name="NUM_TIC_LIG" ref="resource.md#_QkiOtNqNEe-2vscanfRwMw?fileId=_3fJz0NnKEe-OZtJVOz9TVA$type=md$name=NUM_TIC_LIG?" update="true">
      <expression id="_CQ56gNtdEe-WqZzf9NOHeA" setDescriptorRef="_CQvicNtdEe-WqZzf9NOHeA">
        <expression>Ticket_test.NUM_TIC_LIG</expression>
      </expression>
    </field>
    <field id="_Bo5fUNtdEe-WqZzf9NOHeA" enable="true" insert="true" name="COD_PAY" ref="resource.md#_QkiO9tqNEe-2vscanfRwMw?fileId=_3fJz0NnKEe-OZtJVOz9TVA$type=md$name=COD_PAY?" update="true">
      <expression id="_CQ56gdtdEe-WqZzf9NOHeA" setDescriptorRef="_CQvicNtdEe-WqZzf9NOHeA">
        <expression>Ticket_test.COD_PAY</expression>
      </expression>
    </field>
    <field id="_Bo4RMNtdEe-WqZzf9NOHeA" enable="true" insert="true" name="REM_TIC" ref="resource.md#_QkiO6tqNEe-2vscanfRwMw?fileId=_3fJz0NnKEe-OZtJVOz9TVA$type=md$name=REM_TIC?" update="true">
      <expression id="_CQ56gttdEe-WqZzf9NOHeA" setDescriptorRef="_CQvicNtdEe-WqZzf9NOHeA">
        <expression>Ticket_test.REM_TIC</expression>
      </expression>
    </field>
    <setDescriptor id="_CQvicNtdEe-WqZzf9NOHeA" label="A"/>
  </datastore>
  <template id="_CRAoMNtdEe-WqZzf9NOHeA" name="I_SAS_TICKET" process="resource.proc#_jkWgEFEJEeO7Vo9WeM2sCg?fileId=_jkWgEFEJEeO7Vo9WeM2sCg$type=proc$name=INTEGRATION%20Oracle?" targetId="_BoX64NtdEe-WqZzf9NOHeA"/>
  <template id="_CSbkgNtdEe-WqZzf9NOHeA" name="L1_SAS_TICKET" process="resource.proc#__GgYEPe-EeyqV6P8kNCtmA?fileId=__GgYEPe-EeyqV6P8kNCtmA$type=proc$name=LOAD%20File%20to%20Oracle?" sourceId="_UPYHsNtcEe-WqZzf9NOHeA" targetId="_BoX64NtdEe-WqZzf9NOHeA"/>
  <dataSet id="_UPjt4NtcEe-WqZzf9NOHeA">
    <container>_UPYHsNtcEe-WqZzf9NOHeA</container>
  </dataSet>
  <dataSet id="_BpJ-ANtdEe-WqZzf9NOHeA">
    <container>_BoX64NtdEe-WqZzf9NOHeA</container>
  </dataSet>
  <hint>
    <usedField>#_UPbLCNtcEe-WqZzf9NOHeA</usedField>
    <usedField>#_UPbLCdtcEe-WqZzf9NOHeA</usedField>
    <usedField>#_UPZ86ttcEe-WqZzf9NOHeA</usedField>
    <usedField>#_UPbLAdtcEe-WqZzf9NOHeA</usedField>
    <usedField>#_UPZ84NtcEe-WqZzf9NOHeA</usedField>
    <usedField>#_UPaj8ttcEe-WqZzf9NOHeA</usedField>
    <usedField>#_UPbLA9tcEe-WqZzf9NOHeA</usedField>
    <usedField>#_UPZ869tcEe-WqZzf9NOHeA</usedField>
    <usedField>#_UPZ87dtcEe-WqZzf9NOHeA</usedField>
    <usedField>#_UPZ879tcEe-WqZzf9NOHeA</usedField>
    <usedField>#_UPbLBdtcEe-WqZzf9NOHeA</usedField>
    <usedField>#_UPZ849tcEe-WqZzf9NOHeA</usedField>
    <usedField>#_UPbLANtcEe-WqZzf9NOHeA</usedField>
    <usedField>#_UPaj8NtcEe-WqZzf9NOHeA</usedField>
    <usedField>#_UPZ88NtcEe-WqZzf9NOHeA</usedField>
    <usedField>#_UPZ84ttcEe-WqZzf9NOHeA</usedField>
    <usedField>#_UPbLAttcEe-WqZzf9NOHeA</usedField>
    <usedField>#_UPbLB9tcEe-WqZzf9NOHeA</usedField>
    <usedField>#_UPZ84dtcEe-WqZzf9NOHeA</usedField>
    <usedField>#_UPbLBttcEe-WqZzf9NOHeA</usedField>
    <usedField>#_UPZ87NtcEe-WqZzf9NOHeA</usedField>
    <usedField>#_UPZ85ttcEe-WqZzf9NOHeA</usedField>
    <usedField>#_UPZ86dtcEe-WqZzf9NOHeA</usedField>
    <usedField>#_UPZ87ttcEe-WqZzf9NOHeA</usedField>
    <usedField>#_UPZ85NtcEe-WqZzf9NOHeA</usedField>
    <usedField>#_UPZ86NtcEe-WqZzf9NOHeA</usedField>
    <usedField>#_UPZ88dtcEe-WqZzf9NOHeA</usedField>
    <usedField>#_UPbLBNtcEe-WqZzf9NOHeA</usedField>
    <usedField>#_UPZ88ttcEe-WqZzf9NOHeA</usedField>
    <usedField>#_UPbLCttcEe-WqZzf9NOHeA</usedField>
    <usedField>#_UPZ85dtcEe-WqZzf9NOHeA</usedField>
    <usedField>#_UPZ859tcEe-WqZzf9NOHeA</usedField>
    <usedField>#_UPaj8dtcEe-WqZzf9NOHeA</usedField>
  </hint>
  <diagram><![CDATA[<?xml version="1.0" encoding="UTF-8"?>
<notation:Diagram xmi:version="2.0" xmlns:xmi="http://www.omg.org/XMI" xmlns:xsi="http://www.w3.org/2001/XMLSchema-instance" xmlns:map="http://www.indy.com/v2/map" xmlns:notation="http://www.eclipse.org/gmf/runtime/1.0.1/notation" xsi:schemaLocation="http://www.eclipse.org/gmf/runtime/1.0.1/notation " xmi:id="_QXWGMNtcEe-WqZzf9NOHeA" type="Map" measurementUnit="Pixel">
  <children xmi:type="notation:Shape" xmi:id="_UPv7INtcEe-WqZzf9NOHeA" type="2004" fontName="Segoe UI">
    <children xmi:type="notation:DecorationNode" xmi:id="_UPv7IttcEe-WqZzf9NOHeA" type="5005"/>
    <children xmi:type="notation:DecorationNode" xmi:id="_UPv7I9tcEe-WqZzf9NOHeA" type="5007"/>
    <children xmi:type="notation:DecorationNode" xmi:id="_UPv7JNtcEe-WqZzf9NOHeA" type="7003"/>
    <children xmi:type="notation:DecorationNode" xmi:id="_UPwiMNtcEe-WqZzf9NOHeA" type="7009"/>
    <children xmi:type="notation:BasicCompartment" xmi:id="_UPwiMdtcEe-WqZzf9NOHeA" type="7004">
      <styles xmi:type="notation:SortingStyle" xmi:id="_UPwiMttcEe-WqZzf9NOHeA"/>
      <styles xmi:type="notation:FilteringStyle" xmi:id="_UPwiM9tcEe-WqZzf9NOHeA"/>
    </children>
    <children xmi:type="notation:DecorationNode" xmi:id="_UPwiNNtcEe-WqZzf9NOHeA" type="5009">
      <styles xmi:type="notation:DrawerStyle" xmi:id="_UPwiNdtcEe-WqZzf9NOHeA"/>
    </children>
    <children xmi:type="notation:DecorationNode" xmi:id="_UPwiNttcEe-WqZzf9NOHeA" type="7005">
      <styles xmi:type="notation:SortingStyle" xmi:id="_UPwiN9tcEe-WqZzf9NOHeA"/>
      <styles xmi:type="notation:FilteringStyle" xmi:id="_UPwiONtcEe-WqZzf9NOHeA"/>
    </children>
    <children xmi:type="notation:BasicCompartment" xmi:id="_UPwiOdtcEe-WqZzf9NOHeA" type="7007"/>
    <element xmi:type="map:Datastore" href="resource.map#_UPYHsNtcEe-WqZzf9NOHeA?fileId=_QKANwNtcEe-WqZzf9NOHeA$type=map?"/>
    <layoutConstraint xmi:type="notation:Bounds" xmi:id="_UPv7IdtcEe-WqZzf9NOHeA" x="109" y="60"/>
  </children>
  <children xmi:type="notation:Shape" xmi:id="_BpeHENtdEe-WqZzf9NOHeA" type="2004" fontName="Segoe UI">
    <children xmi:type="notation:DecorationNode" xmi:id="_BpeuINtdEe-WqZzf9NOHeA" type="5005"/>
    <children xmi:type="notation:DecorationNode" xmi:id="_BpeuIdtdEe-WqZzf9NOHeA" type="5007"/>
    <children xmi:type="notation:DecorationNode" xmi:id="_BpeuIttdEe-WqZzf9NOHeA" type="7003"/>
    <children xmi:type="notation:DecorationNode" xmi:id="_BpeuI9tdEe-WqZzf9NOHeA" type="7009"/>
    <children xmi:type="notation:BasicCompartment" xmi:id="_BpeuJNtdEe-WqZzf9NOHeA" type="7004">
      <styles xmi:type="notation:SortingStyle" xmi:id="_BpeuJdtdEe-WqZzf9NOHeA"/>
      <styles xmi:type="notation:FilteringStyle" xmi:id="_BpeuJttdEe-WqZzf9NOHeA"/>
    </children>
    <children xmi:type="notation:DecorationNode" xmi:id="_BpeuJ9tdEe-WqZzf9NOHeA" type="5009">
      <styles xmi:type="notation:DrawerStyle" xmi:id="_BpeuKNtdEe-WqZzf9NOHeA"/>
    </children>
    <children xmi:type="notation:DecorationNode" xmi:id="_BpeuKdtdEe-WqZzf9NOHeA" type="7005">
      <styles xmi:type="notation:SortingStyle" xmi:id="_BpeuKttdEe-WqZzf9NOHeA"/>
      <styles xmi:type="notation:FilteringStyle" xmi:id="_BpeuK9tdEe-WqZzf9NOHeA"/>
    </children>
    <children xmi:type="notation:BasicCompartment" xmi:id="_BpeuLNtdEe-WqZzf9NOHeA" type="7007"/>
    <element xmi:type="map:Datastore" href="resource.map#_BoX64NtdEe-WqZzf9NOHeA?fileId=_QKANwNtcEe-WqZzf9NOHeA$type=map?"/>
    <layoutConstraint xmi:type="notation:Bounds" xmi:id="_BpeHEdtdEe-WqZzf9NOHeA" x="514" y="127"/>
  </children>
  <styles xmi:type="notation:DiagramStyle" xmi:id="_QXWGMdtcEe-WqZzf9NOHeA"/>
  <element xmi:type="map:Map" href="resource.map#_QKANwNtcEe-WqZzf9NOHeA?fileId=_QKANwNtcEe-WqZzf9NOHeA$type=map$name=ALIM_SAS_TICKET?"/>
  <edges xmi:type="notation:Edge" xmi:id="_CSLF0NtdEe-WqZzf9NOHeA" type="targetLink" source="_BpeHENtdEe-WqZzf9NOHeA" target="_UPv7INtcEe-WqZzf9NOHeA">
    <element xsi:nil="true"/>
    <bendpoints xmi:type="notation:RelativeBendpoints" xmi:id="_CSLF0dtdEe-WqZzf9NOHeA" points="[-81, -12, 318, 47]$[-312, -46, 87, 13]"/>
  </edges>
  <edges xmi:type="notation:Edge" xmi:id="_CSPXQNtdEe-WqZzf9NOHeA" type="targetDataSetLink" source="_BpeHENtdEe-WqZzf9NOHeA" target="_BpeHENtdEe-WqZzf9NOHeA">
    <element xmi:type="map:DataSet" href="resource.map#_UPjt4NtcEe-WqZzf9NOHeA?fileId=_QKANwNtcEe-WqZzf9NOHeA$type=map?"/>
    <bendpoints xmi:type="notation:RelativeBendpoints" xmi:id="_CSPXQdtdEe-WqZzf9NOHeA" points="[0, 0, 0, 0]$[0, 0, 0, 0]"/>
  </edges>
  <edges xmi:type="notation:Edge" xmi:id="_CSQlYNtdEe-WqZzf9NOHeA" type="targetSetLink" source="_BpeHENtdEe-WqZzf9NOHeA" target="_BpeHENtdEe-WqZzf9NOHeA">
    <element xmi:type="map:SetDescriptor" href="resource.map#_CQvicNtdEe-WqZzf9NOHeA?fileId=_QKANwNtcEe-WqZzf9NOHeA$type=map?"/>
    <bendpoints xmi:type="notation:RelativeBendpoints" xmi:id="_CSQlYdtdEe-WqZzf9NOHeA" points="[0, 0, 0, 0]$[0, 0, 0, 0]"/>
  </edges>
</notation:Diagram>
]]></diagram>
</map:map>