<?xml version="1.0" encoding="UTF-8"?>
<map:map xmlns:map="http://www.indy.com/v2/map" id="_Mtl70NtdEe-WqZzf9NOHeA" internalVersion="8" tech="resource.tech#_waYSMH8VEd2__Mzb_dB76A?fileId=_waYSMH8VEd2__Mzb_dB76A$type=tech$name=flow?">
  <datastore id="_VlH9MNtdEe-WqZzf9NOHeA" alias="SAS_TICKET" dataset="_8GRe0NwNEe-ON53ZGnlopQ" ref="resource.md#_Qkhn9tqNEe-2vscanfRwMw?fileId=_3fJz0NnKEe-OZtJVOz9TVA$type=md$name=SAS_TICKET?">
    <field id="_VlNc0dtdEe-WqZzf9NOHeA" fullAlias="LIB_PAY" name="LIB_PAY" ref="resource.md#_QkiO_NqNEe-2vscanfRwMw?fileId=_3fJz0NnKEe-OZtJVOz9TVA$type=md$name=LIB_PAY?"/>
    <field id="_VlNc3NtdEe-WqZzf9NOHeA" name="LAT" ref="resource.md#_QkiPPtqNEe-2vscanfRwMw?fileId=_3fJz0NnKEe-OZtJVOz9TVA$type=md$name=LAT?"/>
    <field id="_VlNc39tdEe-WqZzf9NOHeA" name="SCHEDULE" ref="resource.md#_QkiPUNqNEe-2vscanfRwMw?fileId=_3fJz0NnKEe-OZtJVOz9TVA$type=md$name=SCHEDULE?"/>
    <field id="_VlNc19tdEe-WqZzf9NOHeA" name="DEP_MAG" ref="resource.md#_QkiPINqNEe-2vscanfRwMw?fileId=_3fJz0NnKEe-OZtJVOz9TVA$type=md$name=DEP_MAG?"/>
    <field id="_VlNczdtdEe-WqZzf9NOHeA" name="REM_LIN" ref="resource.md#_QkiO5NqNEe-2vscanfRwMw?fileId=_3fJz0NnKEe-OZtJVOz9TVA$type=md$name=REM_LIN?"/>
    <field id="_VlNc2ttdEe-WqZzf9NOHeA" name="EMAIL" ref="resource.md#_QkiPMtqNEe-2vscanfRwMw?fileId=_3fJz0NnKEe-OZtJVOz9TVA$type=md$name=EMAIL?"/>
    <field id="_VlNc0ttdEe-WqZzf9NOHeA" name="ADR1" ref="resource.md#_QkiPAtqNEe-2vscanfRwMw?fileId=_3fJz0NnKEe-OZtJVOz9TVA$type=md$name=ADR1?"/>
    <field id="_VlM1sNtdEe-WqZzf9NOHeA" name="COD_ENS" ref="resource.md#_Qkhn-dqNEe-2vscanfRwMw?fileId=_3fJz0NnKEe-OZtJVOz9TVA$type=md$name=COD_ENS?"/>
    <field id="_VlNcxNtdEe-WqZzf9NOHeA" name="NUM_TIC" ref="resource.md#_QkhoF9qNEe-2vscanfRwMw?fileId=_3fJz0NnKEe-OZtJVOz9TVA$type=md$name=NUM_TIC?"/>
    <field id="_VlNczNtdEe-WqZzf9NOHeA" name="TX_TVA" ref="resource.md#_QkiO3tqNEe-2vscanfRwMw?fileId=_3fJz0NnKEe-OZtJVOz9TVA$type=md$name=TX_TVA?"/>
    <field id="_VlNcxttdEe-WqZzf9NOHeA" name="COD_CAI" ref="resource.md#_QkiOutqNEe-2vscanfRwMw?fileId=_3fJz0NnKEe-OZtJVOz9TVA$type=md$name=COD_CAI?"/>
    <field id="_VlNcyttdEe-WqZzf9NOHeA" name="MNT_TTC" ref="resource.md#_QkiO0tqNEe-2vscanfRwMw?fileId=_3fJz0NnKEe-OZtJVOz9TVA$type=md$name=MNT_TTC?"/>
    <field id="_VlNc1dtdEe-WqZzf9NOHeA" name="VIL_MAG" ref="resource.md#_QkiPFNqNEe-2vscanfRwMw?fileId=_3fJz0NnKEe-OZtJVOz9TVA$type=md$name=VIL_MAG?"/>
    <field id="_VlNcw9tdEe-WqZzf9NOHeA" name="DAT_HEU_TIC" ref="resource.md#_QkhoEdqNEe-2vscanfRwMw?fileId=_3fJz0NnKEe-OZtJVOz9TVA$type=md$name=DAT_HEU_TIC?"/>
    <field id="_VlNcy9tdEe-WqZzf9NOHeA" name="COD_DEV" ref="resource.md#_QkiO2NqNEe-2vscanfRwMw?fileId=_3fJz0NnKEe-OZtJVOz9TVA$type=md$name=COD_DEV?"/>
    <field id="_VlNcwttdEe-WqZzf9NOHeA" name="COD_ART" ref="resource.md#_QkhoC9qNEe-2vscanfRwMw?fileId=_3fJz0NnKEe-OZtJVOz9TVA$type=md$name=COD_ART?"/>
    <field id="_VlNcz9tdEe-WqZzf9NOHeA" name="TX_DEV" ref="resource.md#_QkiO8NqNEe-2vscanfRwMw?fileId=_3fJz0NnKEe-OZtJVOz9TVA$type=md$name=TX_DEV?"/>
    <field id="_VlNcyNtdEe-WqZzf9NOHeA" name="QTE" ref="resource.md#_QkiOxtqNEe-2vscanfRwMw?fileId=_3fJz0NnKEe-OZtJVOz9TVA$type=md$name=QTE?"/>
    <field id="_VlNcwNtdEe-WqZzf9NOHeA" name="LIB_ENS" ref="resource.md#_Qkhn_9qNEe-2vscanfRwMw?fileId=_3fJz0NnKEe-OZtJVOz9TVA$type=md$name=LIB_ENS?"/>
    <field id="_VlNc1ttdEe-WqZzf9NOHeA" name="COD_POS" ref="resource.md#_QkiPGtqNEe-2vscanfRwMw?fileId=_3fJz0NnKEe-OZtJVOz9TVA$type=md$name=COD_POS?"/>
    <field id="_VlNcydtdEe-WqZzf9NOHeA" name="MNT_BRU" ref="resource.md#_QkiOzNqNEe-2vscanfRwMw?fileId=_3fJz0NnKEe-OZtJVOz9TVA$type=md$name=MNT_BRU?"/>
    <field id="_VlNc3dtdEe-WqZzf9NOHeA" name="DAT_OUV" ref="resource.md#_QkiPRNqNEe-2vscanfRwMw?fileId=_3fJz0NnKEe-OZtJVOz9TVA$type=md$name=DAT_OUV?"/>
    <field id="_VlNc2dtdEe-WqZzf9NOHeA" name="TEL" ref="resource.md#_QkiPLNqNEe-2vscanfRwMw?fileId=_3fJz0NnKEe-OZtJVOz9TVA$type=md$name=TEL?"/>
    <field id="_VlNc1NtdEe-WqZzf9NOHeA" name="ADR3" ref="resource.md#_QkiPDtqNEe-2vscanfRwMw?fileId=_3fJz0NnKEe-OZtJVOz9TVA$type=md$name=ADR3?"/>
    <field id="_VlNc2NtdEe-WqZzf9NOHeA" name="REG_MAG" ref="resource.md#_QkiPJtqNEe-2vscanfRwMw?fileId=_3fJz0NnKEe-OZtJVOz9TVA$type=md$name=REG_MAG?"/>
    <field id="_VlNc29tdEe-WqZzf9NOHeA" name="LNG" ref="resource.md#_QkiPONqNEe-2vscanfRwMw?fileId=_3fJz0NnKEe-OZtJVOz9TVA$type=md$name=LNG?"/>
    <field id="_VlNc09tdEe-WqZzf9NOHeA" name="ADR2" ref="resource.md#_QkiPCNqNEe-2vscanfRwMw?fileId=_3fJz0NnKEe-OZtJVOz9TVA$type=md$name=ADR2?"/>
    <field id="_VlNc3ttdEe-WqZzf9NOHeA" name="DAT_FRM" ref="resource.md#_QkiPStqNEe-2vscanfRwMw?fileId=_3fJz0NnKEe-OZtJVOz9TVA$type=md$name=DAT_FRM?"/>
    <field id="_VlNcwdtdEe-WqZzf9NOHeA" name="LIB_MAG" ref="resource.md#_QkhoBdqNEe-2vscanfRwMw?fileId=_3fJz0NnKEe-OZtJVOz9TVA$type=md$name=LIB_MAG?"/>
    <field id="_VlNcx9tdEe-WqZzf9NOHeA" name="COD_VEN" ref="resource.md#_QkiOwNqNEe-2vscanfRwMw?fileId=_3fJz0NnKEe-OZtJVOz9TVA$type=md$name=COD_VEN?"/>
    <field id="_VlNcxdtdEe-WqZzf9NOHeA" name="NUM_TIC_LIG" ref="resource.md#_QkiOtNqNEe-2vscanfRwMw?fileId=_3fJz0NnKEe-OZtJVOz9TVA$type=md$name=NUM_TIC_LIG?"/>
    <field id="_VlNc0NtdEe-WqZzf9NOHeA" fullAlias="COD_PAY" name="COD_PAY" ref="resource.md#_QkiO9tqNEe-2vscanfRwMw?fileId=_3fJz0NnKEe-OZtJVOz9TVA$type=md$name=COD_PAY?"/>
    <field id="_VlNczttdEe-WqZzf9NOHeA" name="REM_TIC" ref="resource.md#_QkiO6tqNEe-2vscanfRwMw?fileId=_3fJz0NnKEe-OZtJVOz9TVA$type=md$name=REM_TIC?"/>
  </datastore>
  <datastore id="_pBqcINtiEe-WqZzf9NOHeA" alias="SAS_TICKET_2" dataset="_-RagsNwNEe-ON53ZGnlopQ" ref="resource.md#_Qkhn9tqNEe-2vscanfRwMw?fileId=_3fJz0NnKEe-OZtJVOz9TVA$type=md$name=SAS_TICKET?">
    <field id="_pBvUsttiEe-WqZzf9NOHeA" name="LIB_PAY" ref="resource.md#_QkiO_NqNEe-2vscanfRwMw?fileId=_3fJz0NnKEe-OZtJVOz9TVA$type=md$name=LIB_PAY?"/>
    <field id="_pBvUv9tiEe-WqZzf9NOHeA" name="DAT_FRM" ref="resource.md#_QkiPStqNEe-2vscanfRwMw?fileId=_3fJz0NnKEe-OZtJVOz9TVA$type=md$name=DAT_FRM?"/>
    <field id="_pBvUtdtiEe-WqZzf9NOHeA" name="ADR3" ref="resource.md#_QkiPDtqNEe-2vscanfRwMw?fileId=_3fJz0NnKEe-OZtJVOz9TVA$type=md$name=ADR3?"/>
    <field id="_pBvUpttiEe-WqZzf9NOHeA" name="NUM_TIC_LIG" ref="resource.md#_QkiOtNqNEe-2vscanfRwMw?fileId=_3fJz0NnKEe-OZtJVOz9TVA$type=md$name=NUM_TIC_LIG?"/>
    <field id="_pBvUoNtiEe-WqZzf9NOHeA" name="COD_ENS" ref="resource.md#_Qkhn-dqNEe-2vscanfRwMw?fileId=_3fJz0NnKEe-OZtJVOz9TVA$type=md$name=COD_ENS?"/>
    <field id="_pBvUqNtiEe-WqZzf9NOHeA" name="COD_VEN" ref="resource.md#_QkiOwNqNEe-2vscanfRwMw?fileId=_3fJz0NnKEe-OZtJVOz9TVA$type=md$name=COD_VEN?"/>
    <field id="_pBvUqdtiEe-WqZzf9NOHeA" name="QTE" ref="resource.md#_QkiOxtqNEe-2vscanfRwMw?fileId=_3fJz0NnKEe-OZtJVOz9TVA$type=md$name=QTE?"/>
    <field id="_pBvUr9tiEe-WqZzf9NOHeA" name="REM_TIC" ref="resource.md#_QkiO6tqNEe-2vscanfRwMw?fileId=_3fJz0NnKEe-OZtJVOz9TVA$type=md$name=REM_TIC?"/>
    <field id="_pBvUtttiEe-WqZzf9NOHeA" name="VIL_MAG" ref="resource.md#_QkiPFNqNEe-2vscanfRwMw?fileId=_3fJz0NnKEe-OZtJVOz9TVA$type=md$name=VIL_MAG?"/>
    <field id="_pBvUo9tiEe-WqZzf9NOHeA" name="COD_ART" ref="resource.md#_QkhoC9qNEe-2vscanfRwMw?fileId=_3fJz0NnKEe-OZtJVOz9TVA$type=md$name=COD_ART?"/>
    <field id="_pBvUsdtiEe-WqZzf9NOHeA" fullAlias="COD_PAY" name="COD_PAY" ref="resource.md#_QkiO9tqNEe-2vscanfRwMw?fileId=_3fJz0NnKEe-OZtJVOz9TVA$type=md$name=COD_PAY?"/>
    <field id="_pBvUwNtiEe-WqZzf9NOHeA" name="SCHEDULE" ref="resource.md#_QkiPUNqNEe-2vscanfRwMw?fileId=_3fJz0NnKEe-OZtJVOz9TVA$type=md$name=SCHEDULE?"/>
    <field id="_pBvUpdtiEe-WqZzf9NOHeA" name="NUM_TIC" ref="resource.md#_QkhoF9qNEe-2vscanfRwMw?fileId=_3fJz0NnKEe-OZtJVOz9TVA$type=md$name=NUM_TIC?"/>
    <field id="_pBvUu9tiEe-WqZzf9NOHeA" name="EMAIL" ref="resource.md#_QkiPMtqNEe-2vscanfRwMw?fileId=_3fJz0NnKEe-OZtJVOz9TVA$type=md$name=EMAIL?"/>
    <field id="_pBvUvdtiEe-WqZzf9NOHeA" name="LAT" ref="resource.md#_QkiPPtqNEe-2vscanfRwMw?fileId=_3fJz0NnKEe-OZtJVOz9TVA$type=md$name=LAT?"/>
    <field id="_pBvUottiEe-WqZzf9NOHeA" name="LIB_MAG" ref="resource.md#_QkhoBdqNEe-2vscanfRwMw?fileId=_3fJz0NnKEe-OZtJVOz9TVA$type=md$name=LIB_MAG?"/>
    <field id="_pBvUp9tiEe-WqZzf9NOHeA" name="COD_CAI" ref="resource.md#_QkiOutqNEe-2vscanfRwMw?fileId=_3fJz0NnKEe-OZtJVOz9TVA$type=md$name=COD_CAI?"/>
    <field id="_pBvUuNtiEe-WqZzf9NOHeA" name="DEP_MAG" ref="resource.md#_QkiPINqNEe-2vscanfRwMw?fileId=_3fJz0NnKEe-OZtJVOz9TVA$type=md$name=DEP_MAG?"/>
    <field id="_pBvUvNtiEe-WqZzf9NOHeA" name="LNG" ref="resource.md#_QkiPONqNEe-2vscanfRwMw?fileId=_3fJz0NnKEe-OZtJVOz9TVA$type=md$name=LNG?"/>
    <field id="_pBvUudtiEe-WqZzf9NOHeA" fullAlias="REG_MAG" name="REG_MAG" ref="resource.md#_QkiPJtqNEe-2vscanfRwMw?fileId=_3fJz0NnKEe-OZtJVOz9TVA$type=md$name=REG_MAG?"/>
    <field id="_pBvUuttiEe-WqZzf9NOHeA" name="TEL" ref="resource.md#_QkiPLNqNEe-2vscanfRwMw?fileId=_3fJz0NnKEe-OZtJVOz9TVA$type=md$name=TEL?"/>
    <field id="_pBvUqttiEe-WqZzf9NOHeA" name="MNT_BRU" ref="resource.md#_QkiOzNqNEe-2vscanfRwMw?fileId=_3fJz0NnKEe-OZtJVOz9TVA$type=md$name=MNT_BRU?"/>
    <field id="_pBvUsNtiEe-WqZzf9NOHeA" name="TX_DEV" ref="resource.md#_QkiO8NqNEe-2vscanfRwMw?fileId=_3fJz0NnKEe-OZtJVOz9TVA$type=md$name=TX_DEV?"/>
    <field id="_pBvUrttiEe-WqZzf9NOHeA" name="REM_LIN" ref="resource.md#_QkiO5NqNEe-2vscanfRwMw?fileId=_3fJz0NnKEe-OZtJVOz9TVA$type=md$name=REM_LIN?"/>
    <field id="_pBvUrNtiEe-WqZzf9NOHeA" name="COD_DEV" ref="resource.md#_QkiO2NqNEe-2vscanfRwMw?fileId=_3fJz0NnKEe-OZtJVOz9TVA$type=md$name=COD_DEV?"/>
    <field id="_pBvUvttiEe-WqZzf9NOHeA" name="DAT_OUV" ref="resource.md#_QkiPRNqNEe-2vscanfRwMw?fileId=_3fJz0NnKEe-OZtJVOz9TVA$type=md$name=DAT_OUV?"/>
    <field id="_pBvUodtiEe-WqZzf9NOHeA" name="LIB_ENS" ref="resource.md#_Qkhn_9qNEe-2vscanfRwMw?fileId=_3fJz0NnKEe-OZtJVOz9TVA$type=md$name=LIB_ENS?"/>
    <field id="_pBvUrdtiEe-WqZzf9NOHeA" name="TX_TVA" ref="resource.md#_QkiO3tqNEe-2vscanfRwMw?fileId=_3fJz0NnKEe-OZtJVOz9TVA$type=md$name=TX_TVA?"/>
    <field id="_pBvUs9tiEe-WqZzf9NOHeA" name="ADR1" ref="resource.md#_QkiPAtqNEe-2vscanfRwMw?fileId=_3fJz0NnKEe-OZtJVOz9TVA$type=md$name=ADR1?"/>
    <field id="_pBvUpNtiEe-WqZzf9NOHeA" name="DAT_HEU_TIC" ref="resource.md#_QkhoEdqNEe-2vscanfRwMw?fileId=_3fJz0NnKEe-OZtJVOz9TVA$type=md$name=DAT_HEU_TIC?"/>
    <field id="_pBvUq9tiEe-WqZzf9NOHeA" name="MNT_TTC" ref="resource.md#_QkiO0tqNEe-2vscanfRwMw?fileId=_3fJz0NnKEe-OZtJVOz9TVA$type=md$name=MNT_TTC?"/>
    <field id="_pBvUtNtiEe-WqZzf9NOHeA" name="ADR2" ref="resource.md#_QkiPCNqNEe-2vscanfRwMw?fileId=_3fJz0NnKEe-OZtJVOz9TVA$type=md$name=ADR2?"/>
    <field id="_pBvUt9tiEe-WqZzf9NOHeA" name="COD_POS" ref="resource.md#_QkiPGtqNEe-2vscanfRwMw?fileId=_3fJz0NnKEe-OZtJVOz9TVA$type=md$name=COD_POS?"/>
  </datastore>
  <datastore id="_5DS2ANwNEe-ON53ZGnlopQ" alias="SAS_REGION" dataset="_mCSNwNwOEe-ON53ZGnlopQ" ref="resource.md#_Un9hYNwNEe-ON53ZGnlopQ?fileId=_3fJz0NnKEe-OZtJVOz9TVA$type=md$name=SAS_REGION?" subExpression="[A]">
    <field id="_5DecMNwNEe-ON53ZGnlopQ" enable="true" insert="true" name="ID_PAYS" ref="resource.md#_2JRU4NwNEe-ON53ZGnlopQ?fileId=_3fJz0NnKEe-OZtJVOz9TVA$type=md$name=ID_PAYS?" update="true">
      <expression id="_E3SogNwOEe-ON53ZGnlopQ" setDescriptorRef="_E3RaYNwOEe-ON53ZGnlopQ">
        <expression>SAS_PAYS.ID_PAYS</expression>
      </expression>
    </field>
    <field id="_5DdOEdwNEe-ON53ZGnlopQ" fullAlias="ID_REG" name="ID_REG" ref="resource.md#_VvB3INwNEe-ON53ZGnlopQ?fileId=_3fJz0NnKEe-OZtJVOz9TVA$type=md$name=ID_REG?">
      <expression id="_E3TPkNwOEe-ON53ZGnlopQ" setDescriptorRef="_E3RaYNwOEe-ON53ZGnlopQ">
        <expression></expression>
      </expression>
    </field>
    <field id="_5Dd1INwNEe-ON53ZGnlopQ" enable="true" fullAlias="REG_MAG" insert="true" name="REG_MAG" ref="resource.md#_VvETYNwNEe-ON53ZGnlopQ?fileId=_3fJz0NnKEe-OZtJVOz9TVA$type=md$name=REG_MAG?" update="true" updateKey="true">
      <expression id="_E3T2oNwOEe-ON53ZGnlopQ" setDescriptorRef="_E3RaYNwOEe-ON53ZGnlopQ">
        <expression>SAS_TICKET_2.REG_MAG</expression>
      </expression>
    </field>
    <setDescriptor id="_E3RaYNwOEe-ON53ZGnlopQ" label="A"/>
  </datastore>
  <datastore id="_AxoasNwOEe-ON53ZGnlopQ" alias="SAS_PAYS" dataset="_-RagsNwNEe-ON53ZGnlopQ" ref="resource.md#_O6oCPNtiEe-WqZzf9NOHeA?fileId=_3fJz0NnKEe-OZtJVOz9TVA$type=md$name=SAS_PAYS?" subExpression="[A]">
    <field id="_Axpo0dwOEe-ON53ZGnlopQ" enable="true" insert="true" name="LIB_PAY" ref="resource.md#_O6oo5ttiEe-WqZzf9NOHeA?fileId=_3fJz0NnKEe-OZtJVOz9TVA$type=md$name=LIB_PAY?" update="true" updateKey="true">
      <expression id="_DG6QANwOEe-ON53ZGnlopQ" setDescriptorRef="_DG3zwNwOEe-ON53ZGnlopQ">
        <expression>SAS_TICKET.LIB_PAY</expression>
      </expression>
    </field>
    <field id="_Axpo0twOEe-ON53ZGnlopQ" fullAlias="ID_PAYS" name="ID_PAYS" ref="resource.md#_YH8F8NtiEe-WqZzf9NOHeA?fileId=_3fJz0NnKEe-OZtJVOz9TVA$type=md$name=ID_PAYS?">
      <expression id="_DG7eINwOEe-ON53ZGnlopQ" setDescriptorRef="_DG3zwNwOEe-ON53ZGnlopQ">
        <expression></expression>
      </expression>
    </field>
    <field id="_Axpo0NwOEe-ON53ZGnlopQ" enable="true" fullAlias="COD_PAY" insert="true" name="COD_PAY" ref="resource.md#_O6oo4NtiEe-WqZzf9NOHeA?fileId=_3fJz0NnKEe-OZtJVOz9TVA$type=md$name=COD_PAY?" update="true">
      <expression id="_DG8FMNwOEe-ON53ZGnlopQ" setDescriptorRef="_DG3zwNwOEe-ON53ZGnlopQ">
        <expression>SAS_TICKET.COD_PAY</expression>
      </expression>
    </field>
    <setDescriptor id="_DG3zwNwOEe-ON53ZGnlopQ" label="A"/>
  </datastore>
  <datastore id="_mB_54NwOEe-ON53ZGnlopQ" alias="SAS_TICKET_3" dataset="_mCSNwNwOEe-ON53ZGnlopQ" ref="resource.md#_Qkhn9tqNEe-2vscanfRwMw?fileId=_3fJz0NnKEe-OZtJVOz9TVA$type=md$name=SAS_TICKET?">
    <field id="_mCH1sNwOEe-ON53ZGnlopQ" name="COD_ENS" ref="resource.md#_Qkhn-dqNEe-2vscanfRwMw?fileId=_3fJz0NnKEe-OZtJVOz9TVA$type=md$name=COD_ENS?"/>
    <field id="_mCIcxNwOEe-ON53ZGnlopQ" name="ADR1" ref="resource.md#_QkiPAtqNEe-2vscanfRwMw?fileId=_3fJz0NnKEe-OZtJVOz9TVA$type=md$name=ADR1?"/>
    <field id="_mCH1s9wOEe-ON53ZGnlopQ" name="COD_ART" ref="resource.md#_QkhoC9qNEe-2vscanfRwMw?fileId=_3fJz0NnKEe-OZtJVOz9TVA$type=md$name=COD_ART?"/>
    <field id="_mCIcy9wOEe-ON53ZGnlopQ" name="TEL" ref="resource.md#_QkiPLNqNEe-2vscanfRwMw?fileId=_3fJz0NnKEe-OZtJVOz9TVA$type=md$name=TEL?"/>
    <field id="_mCH1udwOEe-ON53ZGnlopQ" name="QTE" ref="resource.md#_QkiOxtqNEe-2vscanfRwMw?fileId=_3fJz0NnKEe-OZtJVOz9TVA$type=md$name=QTE?"/>
    <field id="_mCIcxdwOEe-ON53ZGnlopQ" name="ADR2" ref="resource.md#_QkiPCNqNEe-2vscanfRwMw?fileId=_3fJz0NnKEe-OZtJVOz9TVA$type=md$name=ADR2?"/>
    <field id="_mCIcz9wOEe-ON53ZGnlopQ" name="DAT_OUV" ref="resource.md#_QkiPRNqNEe-2vscanfRwMw?fileId=_3fJz0NnKEe-OZtJVOz9TVA$type=md$name=DAT_OUV?"/>
    <field id="_mCIcztwOEe-ON53ZGnlopQ" name="LAT" ref="resource.md#_QkiPPtqNEe-2vscanfRwMw?fileId=_3fJz0NnKEe-OZtJVOz9TVA$type=md$name=LAT?"/>
    <field id="_mCH1uNwOEe-ON53ZGnlopQ" name="COD_VEN" ref="resource.md#_QkiOwNqNEe-2vscanfRwMw?fileId=_3fJz0NnKEe-OZtJVOz9TVA$type=md$name=COD_VEN?"/>
    <field id="_mCIczNwOEe-ON53ZGnlopQ" name="EMAIL" ref="resource.md#_QkiPMtqNEe-2vscanfRwMw?fileId=_3fJz0NnKEe-OZtJVOz9TVA$type=md$name=EMAIL?"/>
    <field id="_mCIcwtwOEe-ON53ZGnlopQ" name="COD_PAY" ref="resource.md#_QkiO9tqNEe-2vscanfRwMw?fileId=_3fJz0NnKEe-OZtJVOz9TVA$type=md$name=COD_PAY?"/>
    <field id="_mCIcwdwOEe-ON53ZGnlopQ" name="TX_DEV" ref="resource.md#_QkiO8NqNEe-2vscanfRwMw?fileId=_3fJz0NnKEe-OZtJVOz9TVA$type=md$name=TX_DEV?"/>
    <field id="_mCIcytwOEe-ON53ZGnlopQ" fullAlias="REG_MAG" name="REG_MAG" ref="resource.md#_QkiPJtqNEe-2vscanfRwMw?fileId=_3fJz0NnKEe-OZtJVOz9TVA$type=md$name=REG_MAG?"/>
    <field id="_mCIcwNwOEe-ON53ZGnlopQ" name="REM_TIC" ref="resource.md#_QkiO6tqNEe-2vscanfRwMw?fileId=_3fJz0NnKEe-OZtJVOz9TVA$type=md$name=REM_TIC?"/>
    <field id="_mCH1tdwOEe-ON53ZGnlopQ" name="NUM_TIC" ref="resource.md#_QkhoF9qNEe-2vscanfRwMw?fileId=_3fJz0NnKEe-OZtJVOz9TVA$type=md$name=NUM_TIC?"/>
    <field id="_mCH1utwOEe-ON53ZGnlopQ" name="MNT_BRU" ref="resource.md#_QkiOzNqNEe-2vscanfRwMw?fileId=_3fJz0NnKEe-OZtJVOz9TVA$type=md$name=MNT_BRU?"/>
    <field id="_mCH1vNwOEe-ON53ZGnlopQ" name="COD_DEV" ref="resource.md#_QkiO2NqNEe-2vscanfRwMw?fileId=_3fJz0NnKEe-OZtJVOz9TVA$type=md$name=COD_DEV?"/>
    <field id="_mCIcyNwOEe-ON53ZGnlopQ" name="COD_POS" ref="resource.md#_QkiPGtqNEe-2vscanfRwMw?fileId=_3fJz0NnKEe-OZtJVOz9TVA$type=md$name=COD_POS?"/>
    <field id="_mCIczdwOEe-ON53ZGnlopQ" name="LNG" ref="resource.md#_QkiPONqNEe-2vscanfRwMw?fileId=_3fJz0NnKEe-OZtJVOz9TVA$type=md$name=LNG?"/>
    <field id="_mCIcxtwOEe-ON53ZGnlopQ" name="ADR3" ref="resource.md#_QkiPDtqNEe-2vscanfRwMw?fileId=_3fJz0NnKEe-OZtJVOz9TVA$type=md$name=ADR3?"/>
    <field id="_mCH1sdwOEe-ON53ZGnlopQ" name="LIB_ENS" ref="resource.md#_Qkhn_9qNEe-2vscanfRwMw?fileId=_3fJz0NnKEe-OZtJVOz9TVA$type=md$name=LIB_ENS?"/>
    <field id="_mCH1stwOEe-ON53ZGnlopQ" name="LIB_MAG" ref="resource.md#_QkhoBdqNEe-2vscanfRwMw?fileId=_3fJz0NnKEe-OZtJVOz9TVA$type=md$name=LIB_MAG?"/>
    <field id="_mCH1ttwOEe-ON53ZGnlopQ" name="NUM_TIC_LIG" ref="resource.md#_QkiOtNqNEe-2vscanfRwMw?fileId=_3fJz0NnKEe-OZtJVOz9TVA$type=md$name=NUM_TIC_LIG?"/>
    <field id="_mCH1vtwOEe-ON53ZGnlopQ" name="REM_LIN" ref="resource.md#_QkiO5NqNEe-2vscanfRwMw?fileId=_3fJz0NnKEe-OZtJVOz9TVA$type=md$name=REM_LIN?"/>
    <field id="_mCIc0dwOEe-ON53ZGnlopQ" name="SCHEDULE" ref="resource.md#_QkiPUNqNEe-2vscanfRwMw?fileId=_3fJz0NnKEe-OZtJVOz9TVA$type=md$name=SCHEDULE?"/>
    <field id="_mCIc0NwOEe-ON53ZGnlopQ" name="DAT_FRM" ref="resource.md#_QkiPStqNEe-2vscanfRwMw?fileId=_3fJz0NnKEe-OZtJVOz9TVA$type=md$name=DAT_FRM?"/>
    <field id="_mCH1vdwOEe-ON53ZGnlopQ" name="TX_TVA" ref="resource.md#_QkiO3tqNEe-2vscanfRwMw?fileId=_3fJz0NnKEe-OZtJVOz9TVA$type=md$name=TX_TVA?"/>
    <field id="_mCIcydwOEe-ON53ZGnlopQ" fullAlias="DEP_MAG" name="DEP_MAG" ref="resource.md#_QkiPINqNEe-2vscanfRwMw?fileId=_3fJz0NnKEe-OZtJVOz9TVA$type=md$name=DEP_MAG?"/>
    <field id="_mCH1t9wOEe-ON53ZGnlopQ" name="COD_CAI" ref="resource.md#_QkiOutqNEe-2vscanfRwMw?fileId=_3fJz0NnKEe-OZtJVOz9TVA$type=md$name=COD_CAI?"/>
    <field id="_mCH1tNwOEe-ON53ZGnlopQ" name="DAT_HEU_TIC" ref="resource.md#_QkhoEdqNEe-2vscanfRwMw?fileId=_3fJz0NnKEe-OZtJVOz9TVA$type=md$name=DAT_HEU_TIC?"/>
    <field id="_mCIcw9wOEe-ON53ZGnlopQ" name="LIB_PAY" ref="resource.md#_QkiO_NqNEe-2vscanfRwMw?fileId=_3fJz0NnKEe-OZtJVOz9TVA$type=md$name=LIB_PAY?"/>
    <field id="_mCIcx9wOEe-ON53ZGnlopQ" name="VIL_MAG" ref="resource.md#_QkiPFNqNEe-2vscanfRwMw?fileId=_3fJz0NnKEe-OZtJVOz9TVA$type=md$name=VIL_MAG?"/>
    <field id="_mCH1u9wOEe-ON53ZGnlopQ" name="MNT_TTC" ref="resource.md#_QkiO0tqNEe-2vscanfRwMw?fileId=_3fJz0NnKEe-OZtJVOz9TVA$type=md$name=MNT_TTC?"/>
  </datastore>
  <datastore id="_ocXDgNwOEe-ON53ZGnlopQ" alias="SAS_DEP" dataset="_ocg0gNwOEe-ON53ZGnlopQ" ref="resource.md#_WDcn8NwNEe-ON53ZGnlopQ?fileId=_3fJz0NnKEe-OZtJVOz9TVA$type=md$name=SAS_DEP?" subExpression="[A]">
    <field id="_oce_UNwOEe-ON53ZGnlopQ" enable="true" fullAlias="DEP_MAG" insert="true" name="DEP_MAG" ref="resource.md#_WISEoNwNEe-ON53ZGnlopQ?fileId=_3fJz0NnKEe-OZtJVOz9TVA$type=md$name=DEP_MAG?" update="true" updateKey="true">
      <expression id="_tyZUENwOEe-ON53ZGnlopQ" setDescriptorRef="_tyXe4NwOEe-ON53ZGnlopQ">
        <expression>SAS_TICKET_3.DEP_MAG</expression>
      </expression>
    </field>
    <field id="_oce_UdwOEe-ON53ZGnlopQ" enable="true" insert="true" name="ID_REG" ref="resource.md#_3r4-MNwNEe-ON53ZGnlopQ?fileId=_3fJz0NnKEe-OZtJVOz9TVA$type=md$name=ID_REG?" update="true">
      <expression id="_tyZ7INwOEe-ON53ZGnlopQ" setDescriptorRef="_tyXe4NwOEe-ON53ZGnlopQ">
        <expression>SAS_REGION.ID_REG</expression>
      </expression>
    </field>
    <field id="_oceYQNwOEe-ON53ZGnlopQ" fullAlias="ID_DEP" name="ID_DEP" ref="resource.md#_WIQPcNwNEe-ON53ZGnlopQ?fileId=_3fJz0NnKEe-OZtJVOz9TVA$type=md$name=ID_DEP?">
      <expression id="_tyaiMNwOEe-ON53ZGnlopQ" setDescriptorRef="_tyXe4NwOEe-ON53ZGnlopQ">
        <expression></expression>
      </expression>
    </field>
    <setDescriptor id="_tyXe4NwOEe-ON53ZGnlopQ" label="A"/>
  </datastore>
  <datastore id="_UFzkoNwPEe-ON53ZGnlopQ" alias="SAS_TICKET_4" dataset="_ocg0gNwOEe-ON53ZGnlopQ" ref="resource.md#_Qkhn9tqNEe-2vscanfRwMw?fileId=_3fJz0NnKEe-OZtJVOz9TVA$type=md$name=SAS_TICKET?">
    <field id="_UF8HgNwPEe-ON53ZGnlopQ" name="COD_ENS" ref="resource.md#_Qkhn-dqNEe-2vscanfRwMw?fileId=_3fJz0NnKEe-OZtJVOz9TVA$type=md$name=COD_ENS?"/>
    <field id="_UF8um9wPEe-ON53ZGnlopQ" name="ADR1" ref="resource.md#_QkiPAtqNEe-2vscanfRwMw?fileId=_3fJz0NnKEe-OZtJVOz9TVA$type=md$name=ADR1?"/>
    <field id="_UF8Hg9wPEe-ON53ZGnlopQ" name="COD_ART" ref="resource.md#_QkhoC9qNEe-2vscanfRwMw?fileId=_3fJz0NnKEe-OZtJVOz9TVA$type=md$name=COD_ART?"/>
    <field id="_UF9Vo9wPEe-ON53ZGnlopQ" name="TEL" ref="resource.md#_QkiPLNqNEe-2vscanfRwMw?fileId=_3fJz0NnKEe-OZtJVOz9TVA$type=md$name=TEL?"/>
    <field id="_UF8ukdwPEe-ON53ZGnlopQ" name="QTE" ref="resource.md#_QkiOxtqNEe-2vscanfRwMw?fileId=_3fJz0NnKEe-OZtJVOz9TVA$type=md$name=QTE?"/>
    <field id="_UF8unNwPEe-ON53ZGnlopQ" name="ADR2" ref="resource.md#_QkiPCNqNEe-2vscanfRwMw?fileId=_3fJz0NnKEe-OZtJVOz9TVA$type=md$name=ADR2?"/>
    <field id="_UF9Vp9wPEe-ON53ZGnlopQ" name="DAT_OUV" ref="resource.md#_QkiPRNqNEe-2vscanfRwMw?fileId=_3fJz0NnKEe-OZtJVOz9TVA$type=md$name=DAT_OUV?"/>
    <field id="_UF9VptwPEe-ON53ZGnlopQ" name="LAT" ref="resource.md#_QkiPPtqNEe-2vscanfRwMw?fileId=_3fJz0NnKEe-OZtJVOz9TVA$type=md$name=LAT?"/>
    <field id="_UF8ukNwPEe-ON53ZGnlopQ" name="COD_VEN" ref="resource.md#_QkiOwNqNEe-2vscanfRwMw?fileId=_3fJz0NnKEe-OZtJVOz9TVA$type=md$name=COD_VEN?"/>
    <field id="_UF9VpNwPEe-ON53ZGnlopQ" name="EMAIL" ref="resource.md#_QkiPMtqNEe-2vscanfRwMw?fileId=_3fJz0NnKEe-OZtJVOz9TVA$type=md$name=EMAIL?"/>
    <field id="_UF8umdwPEe-ON53ZGnlopQ" name="COD_PAY" ref="resource.md#_QkiO9tqNEe-2vscanfRwMw?fileId=_3fJz0NnKEe-OZtJVOz9TVA$type=md$name=COD_PAY?"/>
    <field id="_UF8umNwPEe-ON53ZGnlopQ" name="TX_DEV" ref="resource.md#_QkiO8NqNEe-2vscanfRwMw?fileId=_3fJz0NnKEe-OZtJVOz9TVA$type=md$name=TX_DEV?"/>
    <field id="_UF9VotwPEe-ON53ZGnlopQ" name="REG_MAG" ref="resource.md#_QkiPJtqNEe-2vscanfRwMw?fileId=_3fJz0NnKEe-OZtJVOz9TVA$type=md$name=REG_MAG?"/>
    <field id="_UF8ul9wPEe-ON53ZGnlopQ" name="REM_TIC" ref="resource.md#_QkiO6tqNEe-2vscanfRwMw?fileId=_3fJz0NnKEe-OZtJVOz9TVA$type=md$name=REM_TIC?"/>
    <field id="_UF8HhdwPEe-ON53ZGnlopQ" name="NUM_TIC" ref="resource.md#_QkhoF9qNEe-2vscanfRwMw?fileId=_3fJz0NnKEe-OZtJVOz9TVA$type=md$name=NUM_TIC?"/>
    <field id="_UF8uktwPEe-ON53ZGnlopQ" name="MNT_BRU" ref="resource.md#_QkiOzNqNEe-2vscanfRwMw?fileId=_3fJz0NnKEe-OZtJVOz9TVA$type=md$name=MNT_BRU?"/>
    <field id="_UF8ulNwPEe-ON53ZGnlopQ" name="COD_DEV" ref="resource.md#_QkiO2NqNEe-2vscanfRwMw?fileId=_3fJz0NnKEe-OZtJVOz9TVA$type=md$name=COD_DEV?"/>
    <field id="_UF9VoNwPEe-ON53ZGnlopQ" fullAlias="COD_POS" name="COD_POS" ref="resource.md#_QkiPGtqNEe-2vscanfRwMw?fileId=_3fJz0NnKEe-OZtJVOz9TVA$type=md$name=COD_POS?"/>
    <field id="_UF9VpdwPEe-ON53ZGnlopQ" name="LNG" ref="resource.md#_QkiPONqNEe-2vscanfRwMw?fileId=_3fJz0NnKEe-OZtJVOz9TVA$type=md$name=LNG?"/>
    <field id="_UF8undwPEe-ON53ZGnlopQ" name="ADR3" ref="resource.md#_QkiPDtqNEe-2vscanfRwMw?fileId=_3fJz0NnKEe-OZtJVOz9TVA$type=md$name=ADR3?"/>
    <field id="_UF8HgdwPEe-ON53ZGnlopQ" name="LIB_ENS" ref="resource.md#_Qkhn_9qNEe-2vscanfRwMw?fileId=_3fJz0NnKEe-OZtJVOz9TVA$type=md$name=LIB_ENS?"/>
    <field id="_UF8HgtwPEe-ON53ZGnlopQ" name="LIB_MAG" ref="resource.md#_QkhoBdqNEe-2vscanfRwMw?fileId=_3fJz0NnKEe-OZtJVOz9TVA$type=md$name=LIB_MAG?"/>
    <field id="_UF8HhtwPEe-ON53ZGnlopQ" name="NUM_TIC_LIG" ref="resource.md#_QkiOtNqNEe-2vscanfRwMw?fileId=_3fJz0NnKEe-OZtJVOz9TVA$type=md$name=NUM_TIC_LIG?"/>
    <field id="_UF8ultwPEe-ON53ZGnlopQ" name="REM_LIN" ref="resource.md#_QkiO5NqNEe-2vscanfRwMw?fileId=_3fJz0NnKEe-OZtJVOz9TVA$type=md$name=REM_LIN?"/>
    <field id="_UF9VqdwPEe-ON53ZGnlopQ" name="SCHEDULE" ref="resource.md#_QkiPUNqNEe-2vscanfRwMw?fileId=_3fJz0NnKEe-OZtJVOz9TVA$type=md$name=SCHEDULE?"/>
    <field id="_UF9VqNwPEe-ON53ZGnlopQ" name="DAT_FRM" ref="resource.md#_QkiPStqNEe-2vscanfRwMw?fileId=_3fJz0NnKEe-OZtJVOz9TVA$type=md$name=DAT_FRM?"/>
    <field id="_UF8uldwPEe-ON53ZGnlopQ" name="TX_TVA" ref="resource.md#_QkiO3tqNEe-2vscanfRwMw?fileId=_3fJz0NnKEe-OZtJVOz9TVA$type=md$name=TX_TVA?"/>
    <field id="_UF9VodwPEe-ON53ZGnlopQ" fullAlias="DEP_MAG" name="DEP_MAG" ref="resource.md#_QkiPINqNEe-2vscanfRwMw?fileId=_3fJz0NnKEe-OZtJVOz9TVA$type=md$name=DEP_MAG?"/>
    <field id="_UF8Hh9wPEe-ON53ZGnlopQ" name="COD_CAI" ref="resource.md#_QkiOutqNEe-2vscanfRwMw?fileId=_3fJz0NnKEe-OZtJVOz9TVA$type=md$name=COD_CAI?"/>
    <field id="_UF8HhNwPEe-ON53ZGnlopQ" name="DAT_HEU_TIC" ref="resource.md#_QkhoEdqNEe-2vscanfRwMw?fileId=_3fJz0NnKEe-OZtJVOz9TVA$type=md$name=DAT_HEU_TIC?"/>
    <field id="_UF8umtwPEe-ON53ZGnlopQ" name="LIB_PAY" ref="resource.md#_QkiO_NqNEe-2vscanfRwMw?fileId=_3fJz0NnKEe-OZtJVOz9TVA$type=md$name=LIB_PAY?"/>
    <field id="_UF8untwPEe-ON53ZGnlopQ" fullAlias="VIL_MAG" name="VIL_MAG" ref="resource.md#_QkiPFNqNEe-2vscanfRwMw?fileId=_3fJz0NnKEe-OZtJVOz9TVA$type=md$name=VIL_MAG?"/>
    <field id="_UF8uk9wPEe-ON53ZGnlopQ" name="MNT_TTC" ref="resource.md#_QkiO0tqNEe-2vscanfRwMw?fileId=_3fJz0NnKEe-OZtJVOz9TVA$type=md$name=MNT_TTC?"/>
  </datastore>
  <datastore id="_efoCsNwQEe-ON53ZGnlopQ" alias="SAS_VILLE" dataset="_gpq4YNwQEe-ON53ZGnlopQ" ref="resource.md#_ZmGIEdwQEe-ON53ZGnlopQ?fileId=_3fJz0NnKEe-OZtJVOz9TVA$type=md$name=SAS_VILLE?" subExpression="[A]">
    <field id="_ef0P8NwQEe-ON53ZGnlopQ" enable="true" fullAlias="VILLE" insert="true" name="VILLE" ref="resource.md#_ZmGIGdwQEe-ON53ZGnlopQ?fileId=_3fJz0NnKEe-OZtJVOz9TVA$type=md$name=VILLE?" update="true">
      <expression id="_lKCFMdwQEe-ON53ZGnlopQ" setDescriptorRef="_lKCFMNwQEe-ON53ZGnlopQ">
        <expression>SAS_TICKET_4.VIL_MAG</expression>
      </expression>
    </field>
    <field id="_efzo4NwQEe-ON53ZGnlopQ" fullAlias="ID_VILLE" name="ID_VILLE" ref="resource.md#_ZmGIFNwQEe-ON53ZGnlopQ?fileId=_3fJz0NnKEe-OZtJVOz9TVA$type=md$name=ID_VILLE?">
      <expression id="_lKCFMtwQEe-ON53ZGnlopQ" setDescriptorRef="_lKCFMNwQEe-ON53ZGnlopQ">
        <expression></expression>
      </expression>
    </field>
    <field id="_ef0P8dwQEe-ON53ZGnlopQ" enable="true" fullAlias="COD_POS" insert="true" name="COD_POS" ref="resource.md#_ZmGIH9wQEe-ON53ZGnlopQ?fileId=_3fJz0NnKEe-OZtJVOz9TVA$type=md$name=COD_POS?" update="true">
      <expression id="_lKDTUNwQEe-ON53ZGnlopQ" setDescriptorRef="_lKCFMNwQEe-ON53ZGnlopQ">
        <expression>SAS_TICKET_4.COD_POS</expression>
      </expression>
    </field>
    <field id="_ef0P8twQEe-ON53ZGnlopQ" enable="true" insert="true" name="ID_DEP" ref="resource.md#_ZmGIJdwQEe-ON53ZGnlopQ?fileId=_3fJz0NnKEe-OZtJVOz9TVA$type=md$name=ID_DEP?" update="true">
      <expression id="_lKDTUdwQEe-ON53ZGnlopQ" setDescriptorRef="_lKCFMNwQEe-ON53ZGnlopQ">
        <expression>SAS_DEP.ID_DEP</expression>
      </expression>
    </field>
    <setDescriptor id="_lKCFMNwQEe-ON53ZGnlopQ" label="A"/>
  </datastore>
  <datastore id="_gpl_4NwQEe-ON53ZGnlopQ" alias="SAS_TICKET_5" dataset="_gpq4YNwQEe-ON53ZGnlopQ" ref="resource.md#_Qkhn9tqNEe-2vscanfRwMw?fileId=_3fJz0NnKEe-OZtJVOz9TVA$type=md$name=SAS_TICKET?">
    <field id="_gpmm9NwQEe-ON53ZGnlopQ" name="COD_ART" ref="resource.md#_QkhoC9qNEe-2vscanfRwMw?fileId=_3fJz0NnKEe-OZtJVOz9TVA$type=md$name=COD_ART?"/>
    <field id="_gpnOEtwQEe-ON53ZGnlopQ" name="DEP_MAG" ref="resource.md#_QkiPINqNEe-2vscanfRwMw?fileId=_3fJz0NnKEe-OZtJVOz9TVA$type=md$name=DEP_MAG?"/>
    <field id="_gpnOCNwQEe-ON53ZGnlopQ" name="REM_LIN" ref="resource.md#_QkiO5NqNEe-2vscanfRwMw?fileId=_3fJz0NnKEe-OZtJVOz9TVA$type=md$name=REM_LIN?"/>
    <field id="_gpnOF9wQEe-ON53ZGnlopQ" fullAlias="LAT" name="LAT" ref="resource.md#_QkiPPtqNEe-2vscanfRwMw?fileId=_3fJz0NnKEe-OZtJVOz9TVA$type=md$name=LAT?"/>
    <field id="_gpmm8dwQEe-ON53ZGnlopQ" fullAlias="COD_ENS" name="COD_ENS" ref="resource.md#_Qkhn-dqNEe-2vscanfRwMw?fileId=_3fJz0NnKEe-OZtJVOz9TVA$type=md$name=COD_ENS?"/>
    <field id="_gpnOAdwQEe-ON53ZGnlopQ" name="COD_CAI" ref="resource.md#_QkiOutqNEe-2vscanfRwMw?fileId=_3fJz0NnKEe-OZtJVOz9TVA$type=md$name=COD_CAI?"/>
    <field id="_gpnOBdwQEe-ON53ZGnlopQ" name="MNT_TTC" ref="resource.md#_QkiO0tqNEe-2vscanfRwMw?fileId=_3fJz0NnKEe-OZtJVOz9TVA$type=md$name=MNT_TTC?"/>
    <field id="_gpnOENwQEe-ON53ZGnlopQ" fullAlias="VIL_MAG" name="VIL_MAG" ref="resource.md#_QkiPFNqNEe-2vscanfRwMw?fileId=_3fJz0NnKEe-OZtJVOz9TVA$type=md$name=VIL_MAG?"/>
    <field id="_gpmm9twQEe-ON53ZGnlopQ" name="NUM_TIC" ref="resource.md#_QkhoF9qNEe-2vscanfRwMw?fileId=_3fJz0NnKEe-OZtJVOz9TVA$type=md$name=NUM_TIC?"/>
    <field id="_gpnOFtwQEe-ON53ZGnlopQ" fullAlias="LNG" name="LNG" ref="resource.md#_QkiPONqNEe-2vscanfRwMw?fileId=_3fJz0NnKEe-OZtJVOz9TVA$type=md$name=LNG?"/>
    <field id="_gpnOAtwQEe-ON53ZGnlopQ" name="COD_VEN" ref="resource.md#_QkiOwNqNEe-2vscanfRwMw?fileId=_3fJz0NnKEe-OZtJVOz9TVA$type=md$name=COD_VEN?"/>
    <field id="_gpnOGNwQEe-ON53ZGnlopQ" fullAlias="DAT_OUV" name="DAT_OUV" ref="resource.md#_QkiPRNqNEe-2vscanfRwMw?fileId=_3fJz0NnKEe-OZtJVOz9TVA$type=md$name=DAT_OUV?"/>
    <field id="_gpnOCtwQEe-ON53ZGnlopQ" name="TX_DEV" ref="resource.md#_QkiO8NqNEe-2vscanfRwMw?fileId=_3fJz0NnKEe-OZtJVOz9TVA$type=md$name=TX_DEV?"/>
    <field id="_gpnOGtwQEe-ON53ZGnlopQ" fullAlias="SCHEDULE" name="SCHEDULE" ref="resource.md#_QkiPUNqNEe-2vscanfRwMw?fileId=_3fJz0NnKEe-OZtJVOz9TVA$type=md$name=SCHEDULE?"/>
    <field id="_gpmm9dwQEe-ON53ZGnlopQ" name="DAT_HEU_TIC" ref="resource.md#_QkhoEdqNEe-2vscanfRwMw?fileId=_3fJz0NnKEe-OZtJVOz9TVA$type=md$name=DAT_HEU_TIC?"/>
    <field id="_gpnOA9wQEe-ON53ZGnlopQ" name="QTE" ref="resource.md#_QkiOxtqNEe-2vscanfRwMw?fileId=_3fJz0NnKEe-OZtJVOz9TVA$type=md$name=QTE?"/>
    <field id="_gpnOBtwQEe-ON53ZGnlopQ" name="COD_DEV" ref="resource.md#_QkiO2NqNEe-2vscanfRwMw?fileId=_3fJz0NnKEe-OZtJVOz9TVA$type=md$name=COD_DEV?"/>
    <field id="_gpnODtwQEe-ON53ZGnlopQ" fullAlias="ADR2" name="ADR2" ref="resource.md#_QkiPCNqNEe-2vscanfRwMw?fileId=_3fJz0NnKEe-OZtJVOz9TVA$type=md$name=ADR2?"/>
    <field id="_gpnOBNwQEe-ON53ZGnlopQ" name="MNT_BRU" ref="resource.md#_QkiOzNqNEe-2vscanfRwMw?fileId=_3fJz0NnKEe-OZtJVOz9TVA$type=md$name=MNT_BRU?"/>
    <field id="_gpnOFNwQEe-ON53ZGnlopQ" fullAlias="TEL" name="TEL" ref="resource.md#_QkiPLNqNEe-2vscanfRwMw?fileId=_3fJz0NnKEe-OZtJVOz9TVA$type=md$name=TEL?"/>
    <field id="_gpnOEdwQEe-ON53ZGnlopQ" fullAlias="COD_POS" name="COD_POS" ref="resource.md#_QkiPGtqNEe-2vscanfRwMw?fileId=_3fJz0NnKEe-OZtJVOz9TVA$type=md$name=COD_POS?"/>
    <field id="_gpmm89wQEe-ON53ZGnlopQ" fullAlias="LIB_MAG" name="LIB_MAG" ref="resource.md#_QkhoBdqNEe-2vscanfRwMw?fileId=_3fJz0NnKEe-OZtJVOz9TVA$type=md$name=LIB_MAG?"/>
    <field id="_gpnODNwQEe-ON53ZGnlopQ" name="LIB_PAY" ref="resource.md#_QkiO_NqNEe-2vscanfRwMw?fileId=_3fJz0NnKEe-OZtJVOz9TVA$type=md$name=LIB_PAY?"/>
    <field id="_gpnOFdwQEe-ON53ZGnlopQ" fullAlias="EMAIL" name="EMAIL" ref="resource.md#_QkiPMtqNEe-2vscanfRwMw?fileId=_3fJz0NnKEe-OZtJVOz9TVA$type=md$name=EMAIL?"/>
    <field id="_gpnOD9wQEe-ON53ZGnlopQ" fullAlias="ADR3" name="ADR3" ref="resource.md#_QkiPDtqNEe-2vscanfRwMw?fileId=_3fJz0NnKEe-OZtJVOz9TVA$type=md$name=ADR3?"/>
    <field id="_gpnOB9wQEe-ON53ZGnlopQ" name="TX_TVA" ref="resource.md#_QkiO3tqNEe-2vscanfRwMw?fileId=_3fJz0NnKEe-OZtJVOz9TVA$type=md$name=TX_TVA?"/>
    <field id="_gpnODdwQEe-ON53ZGnlopQ" fullAlias="ADR1" name="ADR1" ref="resource.md#_QkiPAtqNEe-2vscanfRwMw?fileId=_3fJz0NnKEe-OZtJVOz9TVA$type=md$name=ADR1?"/>
    <field id="_gpnOE9wQEe-ON53ZGnlopQ" name="REG_MAG" ref="resource.md#_QkiPJtqNEe-2vscanfRwMw?fileId=_3fJz0NnKEe-OZtJVOz9TVA$type=md$name=REG_MAG?"/>
    <field id="_gpnOANwQEe-ON53ZGnlopQ" name="NUM_TIC_LIG" ref="resource.md#_QkiOtNqNEe-2vscanfRwMw?fileId=_3fJz0NnKEe-OZtJVOz9TVA$type=md$name=NUM_TIC_LIG?"/>
    <field id="_gpnOCdwQEe-ON53ZGnlopQ" name="REM_TIC" ref="resource.md#_QkiO6tqNEe-2vscanfRwMw?fileId=_3fJz0NnKEe-OZtJVOz9TVA$type=md$name=REM_TIC?"/>
    <field id="_gpnOGdwQEe-ON53ZGnlopQ" fullAlias="DAT_FRM" name="DAT_FRM" ref="resource.md#_QkiPStqNEe-2vscanfRwMw?fileId=_3fJz0NnKEe-OZtJVOz9TVA$type=md$name=DAT_FRM?"/>
    <field id="_gpmm8twQEe-ON53ZGnlopQ" fullAlias="LIB_ENS" name="LIB_ENS" ref="resource.md#_Qkhn_9qNEe-2vscanfRwMw?fileId=_3fJz0NnKEe-OZtJVOz9TVA$type=md$name=LIB_ENS?"/>
    <field id="_gpnOC9wQEe-ON53ZGnlopQ" name="COD_PAY" ref="resource.md#_QkiO9tqNEe-2vscanfRwMw?fileId=_3fJz0NnKEe-OZtJVOz9TVA$type=md$name=COD_PAY?"/>
  </datastore>
  <datastore id="_OfSWINwREe-ON53ZGnlopQ" alias="SAS_MAGASIN" dataset="_OfiNwNwREe-ON53ZGnlopQ" ref="resource.md#_NNohjdwREe-ON53ZGnlopQ?fileId=_3fJz0NnKEe-OZtJVOz9TVA$type=md$name=SAS_MAGASIN?" subExpression="[A]">
    <field id="_OffxgdwREe-ON53ZGnlopQ" enable="true" insert="true" name="LAT" ref="resource.md#_NNoh3dwREe-ON53ZGnlopQ?fileId=_3fJz0NnKEe-OZtJVOz9TVA$type=md$name=LAT?" update="true">
      <expression id="_S9auUNwREe-ON53ZGnlopQ" setDescriptorRef="_S9aHQNwREe-ON53ZGnlopQ">
        <expression>SAS_TICKET_5.LAT</expression>
      </expression>
    </field>
    <field id="_OffKc9wREe-ON53ZGnlopQ" enable="true" insert="true" name="ADR1" ref="resource.md#_NNohxdwREe-ON53ZGnlopQ?fileId=_3fJz0NnKEe-OZtJVOz9TVA$type=md$name=ADR1?" update="true">
      <expression id="_S9auUdwREe-ON53ZGnlopQ" setDescriptorRef="_S9aHQNwREe-ON53ZGnlopQ">
        <expression>SAS_TICKET_5.ADR1</expression>
      </expression>
    </field>
    <field id="_OffxgtwREe-ON53ZGnlopQ" enable="true" insert="true" name="ID_VILLE" ref="resource.md#_NNoh49wREe-ON53ZGnlopQ?fileId=_3fJz0NnKEe-OZtJVOz9TVA$type=md$name=ID_VILLE?" update="true">
      <expression id="_S9bVYNwREe-ON53ZGnlopQ" setDescriptorRef="_S9aHQNwREe-ON53ZGnlopQ">
        <expression>SAS_VILLE.ID_VILLE</expression>
      </expression>
    </field>
    <field id="_OfejYNwREe-ON53ZGnlopQ" enable="true" insert="true" name="LIB_MAG" ref="resource.md#_NNohldwREe-ON53ZGnlopQ?fileId=_3fJz0NnKEe-OZtJVOz9TVA$type=md$name=LIB_MAG?" update="true">
      <expression id="_S9bVYdwREe-ON53ZGnlopQ" setDescriptorRef="_S9aHQNwREe-ON53ZGnlopQ">
        <expression>SAS_TICKET_5.LIB_MAG</expression>
      </expression>
    </field>
    <field id="_OffKdNwREe-ON53ZGnlopQ" enable="true" insert="true" name="ADR2" ref="resource.md#_NNohy9wREe-ON53ZGnlopQ?fileId=_3fJz0NnKEe-OZtJVOz9TVA$type=md$name=ADR2?" update="true">
      <expression id="_S9bVYtwREe-ON53ZGnlopQ" setDescriptorRef="_S9aHQNwREe-ON53ZGnlopQ">
        <expression>SAS_TICKET_5.ADR2</expression>
      </expression>
    </field>
    <field id="_OffKcdwREe-ON53ZGnlopQ" enable="true" insert="true" name="DAT_FRM" ref="resource.md#_NNohudwREe-ON53ZGnlopQ?fileId=_3fJz0NnKEe-OZtJVOz9TVA$type=md$name=DAT_FRM?" update="true">
      <expression id="_S9bVY9wREe-ON53ZGnlopQ" setDescriptorRef="_S9aHQNwREe-ON53ZGnlopQ">
        <expression>SAS_TICKET_5.DAT_FRM</expression>
      </expression>
    </field>
    <field id="_OfejYtwREe-ON53ZGnlopQ" enable="true" insert="true" name="LIB_ENS" ref="resource.md#_NNohodwREe-ON53ZGnlopQ?fileId=_3fJz0NnKEe-OZtJVOz9TVA$type=md$name=LIB_ENS?" update="true">
      <expression id="_S9bVZNwREe-ON53ZGnlopQ" setDescriptorRef="_S9aHQNwREe-ON53ZGnlopQ">
        <expression>SAS_TICKET_5.LIB_ENS</expression>
      </expression>
    </field>
    <field id="_OffKcNwREe-ON53ZGnlopQ" enable="true" insert="true" name="DAT_OUV" ref="resource.md#_NNohs9wREe-ON53ZGnlopQ?fileId=_3fJz0NnKEe-OZtJVOz9TVA$type=md$name=DAT_OUV?" update="true">
      <expression id="_S9b8cNwREe-ON53ZGnlopQ" setDescriptorRef="_S9aHQNwREe-ON53ZGnlopQ">
        <expression>SAS_TICKET_5.DAT_OUV</expression>
      </expression>
    </field>
    <field id="_OfejY9wREe-ON53ZGnlopQ" enable="true" insert="true" name="TEL" ref="resource.md#_NNohp9wREe-ON53ZGnlopQ?fileId=_3fJz0NnKEe-OZtJVOz9TVA$type=md$name=TEL?" update="true">
      <expression id="_S9b8cdwREe-ON53ZGnlopQ" setDescriptorRef="_S9aHQNwREe-ON53ZGnlopQ">
        <expression>SAS_TICKET_5.TEL</expression>
      </expression>
    </field>
    <field id="_OfejZNwREe-ON53ZGnlopQ" enable="true" insert="true" name="EMAIL" ref="resource.md#_NNohrdwREe-ON53ZGnlopQ?fileId=_3fJz0NnKEe-OZtJVOz9TVA$type=md$name=EMAIL?" update="true">
      <expression id="_S9b8ctwREe-ON53ZGnlopQ" setDescriptorRef="_S9aHQNwREe-ON53ZGnlopQ">
        <expression>SAS_TICKET_5.EMAIL</expression>
      </expression>
    </field>
    <field id="_OffKddwREe-ON53ZGnlopQ" enable="true" insert="true" name="ADR3" ref="resource.md#_NNoh0dwREe-ON53ZGnlopQ?fileId=_3fJz0NnKEe-OZtJVOz9TVA$type=md$name=ADR3?" update="true">
      <expression id="_S9b8c9wREe-ON53ZGnlopQ" setDescriptorRef="_S9aHQNwREe-ON53ZGnlopQ">
        <expression>SAS_TICKET_5.ADR3</expression>
      </expression>
    </field>
    <field id="_OffxgNwREe-ON53ZGnlopQ" enable="true" insert="true" name="LNG" ref="resource.md#_NNoh19wREe-ON53ZGnlopQ?fileId=_3fJz0NnKEe-OZtJVOz9TVA$type=md$name=LNG?" update="true">
      <expression id="_S9b8dNwREe-ON53ZGnlopQ" setDescriptorRef="_S9aHQNwREe-ON53ZGnlopQ">
        <expression>SAS_TICKET_5.LNG</expression>
      </expression>
    </field>
    <field id="_Ofd8UdwREe-ON53ZGnlopQ" name="ID_MAG" ref="resource.md#_NNohkNwREe-ON53ZGnlopQ?fileId=_3fJz0NnKEe-OZtJVOz9TVA$type=md$name=ID_MAG?">
      <expression id="_S9b8ddwREe-ON53ZGnlopQ" setDescriptorRef="_S9aHQNwREe-ON53ZGnlopQ">
        <expression></expression>
      </expression>
    </field>
    <field id="_OfejYdwREe-ON53ZGnlopQ" enable="true" insert="true" name="COD_ENS" ref="resource.md#_NNohm9wREe-ON53ZGnlopQ?fileId=_3fJz0NnKEe-OZtJVOz9TVA$type=md$name=COD_ENS?" update="true">
      <expression id="_S9b8dtwREe-ON53ZGnlopQ" setDescriptorRef="_S9aHQNwREe-ON53ZGnlopQ">
        <expression>SAS_TICKET_5.COD_ENS</expression>
      </expression>
    </field>
    <field id="_OffKctwREe-ON53ZGnlopQ" enable="true" insert="true" name="SCHEDULE" ref="resource.md#_NNohv9wREe-ON53ZGnlopQ?fileId=_3fJz0NnKEe-OZtJVOz9TVA$type=md$name=SCHEDULE?" update="true">
      <expression id="_S9cjgNwREe-ON53ZGnlopQ" setDescriptorRef="_S9aHQNwREe-ON53ZGnlopQ">
        <expression>SAS_TICKET_5.SCHEDULE</expression>
      </expression>
    </field>
    <setDescriptor id="_S9aHQNwREe-ON53ZGnlopQ" label="A"/>
  </datastore>
  <join id="_QGOmINwOEe-ON53ZGnlopQ" location="SRC" joinType="Right_Join" left="_AxoasNwOEe-ON53ZGnlopQ" order="10" right="_pBqcINtiEe-WqZzf9NOHeA">
    <expression>SAS_PAYS.COD_PAY = SAS_TICKET_2.COD_PAY</expression>
  </join>
  <join id="_rTclYNwOEe-ON53ZGnlopQ" location="SRC" joinType="Right_Join" left="_5DS2ANwNEe-ON53ZGnlopQ" order="30" right="_mB_54NwOEe-ON53ZGnlopQ">
    <expression>SAS_REGION.REG_MAG = SAS_TICKET_3.REG_MAG</expression>
  </join>
  <join id="_bFLxkNwPEe-ON53ZGnlopQ" location="SRC" joinType="Left_Join" left="_UFzkoNwPEe-ON53ZGnlopQ" order="50" right="_ocXDgNwOEe-ON53ZGnlopQ">
    <expression>SAS_TICKET_4.DEP_MAG = SAS_DEP.DEP_MAG</expression>
  </join>
  <join id="_tfpsUNwQEe-ON53ZGnlopQ" location="SRC" joinType="Right_Join" left="_efoCsNwQEe-ON53ZGnlopQ" order="70" right="_gpl_4NwQEe-ON53ZGnlopQ">
    <expression><![CDATA[SAS_VILLE.VILLE = SAS_TICKET_5.VIL_MAG AND 
SAS_VILLE.COD_POS = SAS_TICKET_5.COD_POS]]></expression>
  </join>
  <template id="_DHHEUNwOEe-ON53ZGnlopQ" name="I_SAS_PAYS" process="resource.proc#_jkWgEFEJEeO7Vo9WeM2sCg?fileId=_jkWgEFEJEeO7Vo9WeM2sCg$type=proc$name=INTEGRATION%20Oracle?" targetId="_AxoasNwOEe-ON53ZGnlopQ">
    <parameter id="_bfhZoNwOEe-ON53ZGnlopQ" name="useDistinct" value="true"/>
  </template>
  <template id="_E3dnoNwOEe-ON53ZGnlopQ" name="I_SAS_REGION" process="resource.proc#_jkWgEFEJEeO7Vo9WeM2sCg?fileId=_jkWgEFEJEeO7Vo9WeM2sCg$type=proc$name=INTEGRATION%20Oracle?" targetId="_5DS2ANwNEe-ON53ZGnlopQ">
    <parameter id="_clY1gNwOEe-ON53ZGnlopQ" name="useDistinct" value="true"/>
  </template>
  <template id="_tyrA4NwOEe-ON53ZGnlopQ" name="I_SAS_DEP" process="resource.proc#_jkWgEFEJEeO7Vo9WeM2sCg?fileId=_jkWgEFEJEeO7Vo9WeM2sCg$type=proc$name=INTEGRATION%20Oracle?" targetId="_ocXDgNwOEe-ON53ZGnlopQ">
    <parameter id="_qo8k8NwQEe-ON53ZGnlopQ" name="useDistinct" value="true"/>
  </template>
  <template id="_lKVAINwQEe-ON53ZGnlopQ" name="I_SAS_VILLE" process="resource.proc#_jkWgEFEJEeO7Vo9WeM2sCg?fileId=_jkWgEFEJEeO7Vo9WeM2sCg$type=proc$name=INTEGRATION%20Oracle?" targetId="_efoCsNwQEe-ON53ZGnlopQ">
    <parameter id="_r1HdINwQEe-ON53ZGnlopQ" name="useDistinct" value="true"/>
  </template>
  <template id="_S9tpQNwREe-ON53ZGnlopQ" name="I_SAS_MAGASIN" process="resource.proc#_jkWgEFEJEeO7Vo9WeM2sCg?fileId=_jkWgEFEJEeO7Vo9WeM2sCg$type=proc$name=INTEGRATION%20Oracle?" targetId="_OfSWINwREe-ON53ZGnlopQ">
    <parameter id="_dpLtcNwREe-ON53ZGnlopQ" name="useDistinct" value="true"/>
  </template>
  <dataSet id="_8GRe0NwNEe-ON53ZGnlopQ">
    <container>_VlH9MNtdEe-WqZzf9NOHeA</container>
  </dataSet>
  <dataSet id="_-RagsNwNEe-ON53ZGnlopQ">
    <container>_pBqcINtiEe-WqZzf9NOHeA</container>
    <container>_AxoasNwOEe-ON53ZGnlopQ</container>
  </dataSet>
  <dataSet id="_mCSNwNwOEe-ON53ZGnlopQ">
    <container>_mB_54NwOEe-ON53ZGnlopQ</container>
    <container>_5DS2ANwNEe-ON53ZGnlopQ</container>
  </dataSet>
  <dataSet id="_ocg0gNwOEe-ON53ZGnlopQ">
    <container>_ocXDgNwOEe-ON53ZGnlopQ</container>
    <container>_UFzkoNwPEe-ON53ZGnlopQ</container>
  </dataSet>
  <dataSet id="_gpq4YNwQEe-ON53ZGnlopQ">
    <container>_gpl_4NwQEe-ON53ZGnlopQ</container>
    <container>_efoCsNwQEe-ON53ZGnlopQ</container>
  </dataSet>
  <dataSet id="_OfiNwNwREe-ON53ZGnlopQ">
    <container>_OfSWINwREe-ON53ZGnlopQ</container>
  </dataSet>
  <hint>
    <usedField>#_VlNc0dtdEe-WqZzf9NOHeA</usedField>
    <usedField>#_VlNc0NtdEe-WqZzf9NOHeA</usedField>
    <usedField>#_pBvUsdtiEe-WqZzf9NOHeA</usedField>
    <usedField>#_pBvUudtiEe-WqZzf9NOHeA</usedField>
    <usedField>#_5DdOEdwNEe-ON53ZGnlopQ</usedField>
    <usedField>#_5Dd1INwNEe-ON53ZGnlopQ</usedField>
    <usedField>#_Axpo0twOEe-ON53ZGnlopQ</usedField>
    <usedField>#_Axpo0NwOEe-ON53ZGnlopQ</usedField>
    <usedField>#_mCIcytwOEe-ON53ZGnlopQ</usedField>
    <usedField>#_mCIcydwOEe-ON53ZGnlopQ</usedField>
    <usedField>#_oce_UNwOEe-ON53ZGnlopQ</usedField>
    <usedField>#_oceYQNwOEe-ON53ZGnlopQ</usedField>
    <usedField>#_UF9VoNwPEe-ON53ZGnlopQ</usedField>
    <usedField>#_UF9VodwPEe-ON53ZGnlopQ</usedField>
    <usedField>#_UF8untwPEe-ON53ZGnlopQ</usedField>
    <usedField>#_ef0P8NwQEe-ON53ZGnlopQ</usedField>
    <usedField>#_efzo4NwQEe-ON53ZGnlopQ</usedField>
    <usedField>#_ef0P8dwQEe-ON53ZGnlopQ</usedField>
    <usedField>#_gpnOF9wQEe-ON53ZGnlopQ</usedField>
    <usedField>#_gpmm8dwQEe-ON53ZGnlopQ</usedField>
    <usedField>#_gpnOENwQEe-ON53ZGnlopQ</usedField>
    <usedField>#_gpnOFtwQEe-ON53ZGnlopQ</usedField>
    <usedField>#_gpnOGNwQEe-ON53ZGnlopQ</usedField>
    <usedField>#_gpnOGtwQEe-ON53ZGnlopQ</usedField>
    <usedField>#_gpnODtwQEe-ON53ZGnlopQ</usedField>
    <usedField>#_gpnOFNwQEe-ON53ZGnlopQ</usedField>
    <usedField>#_gpnOEdwQEe-ON53ZGnlopQ</usedField>
    <usedField>#_gpmm89wQEe-ON53ZGnlopQ</usedField>
    <usedField>#_gpnOFdwQEe-ON53ZGnlopQ</usedField>
    <usedField>#_gpnOD9wQEe-ON53ZGnlopQ</usedField>
    <usedField>#_gpnODdwQEe-ON53ZGnlopQ</usedField>
    <usedField>#_gpnOGdwQEe-ON53ZGnlopQ</usedField>
    <usedField>#_gpmm8twQEe-ON53ZGnlopQ</usedField>
  </hint>
  <diagram><![CDATA[<?xml version="1.0" encoding="UTF-8"?>
<notation:Diagram xmi:version="2.0" xmlns:xmi="http://www.omg.org/XMI" xmlns:xsi="http://www.w3.org/2001/XMLSchema-instance" xmlns:map="http://www.indy.com/v2/map" xmlns:notation="http://www.eclipse.org/gmf/runtime/1.0.1/notation" xsi:schemaLocation="http://www.eclipse.org/gmf/runtime/1.0.1/notation " xmi:id="_Muhv8NtdEe-WqZzf9NOHeA" type="Map" measurementUnit="Pixel">
  <children xmi:type="notation:Node" xmi:id="_QHDskNwOEe-ON53ZGnlopQ" type="2005">
    <styles xmi:type="notation:DescriptionStyle" xmi:id="_QHDskdwOEe-ON53ZGnlopQ"/>
    <styles xmi:type="notation:FontStyle" xmi:id="_QHDsktwOEe-ON53ZGnlopQ" fontName="Segoe UI"/>
    <styles xmi:type="notation:FillStyle" xmi:id="_QHDsk9wOEe-ON53ZGnlopQ"/>
    <element xmi:type="map:Join" href="resource.map#_QGOmINwOEe-ON53ZGnlopQ?fileId=_Mtl70NtdEe-WqZzf9NOHeA$type=map?"/>
    <layoutConstraint xmi:type="notation:Bounds" xmi:id="_QHDslNwOEe-ON53ZGnlopQ" x="596" y="493"/>
  </children>
  <children xmi:type="notation:Node" xmi:id="_rUixkNwOEe-ON53ZGnlopQ" type="2005">
    <styles xmi:type="notation:DescriptionStyle" xmi:id="_rUixkdwOEe-ON53ZGnlopQ"/>
    <styles xmi:type="notation:FontStyle" xmi:id="_rUixktwOEe-ON53ZGnlopQ" fontName="Segoe UI"/>
    <styles xmi:type="notation:FillStyle" xmi:id="_rUixk9wOEe-ON53ZGnlopQ"/>
    <element xmi:type="map:Join" href="resource.map#_rTclYNwOEe-ON53ZGnlopQ?fileId=_Mtl70NtdEe-WqZzf9NOHeA$type=map?"/>
    <layoutConstraint xmi:type="notation:Bounds" xmi:id="_rUixlNwOEe-ON53ZGnlopQ" x="1052" y="681"/>
  </children>
  <children xmi:type="notation:Node" xmi:id="_bGRWsNwPEe-ON53ZGnlopQ" type="2005">
    <styles xmi:type="notation:DescriptionStyle" xmi:id="_bGRWsdwPEe-ON53ZGnlopQ"/>
    <styles xmi:type="notation:FontStyle" xmi:id="_bGRWstwPEe-ON53ZGnlopQ" fontName="Segoe UI"/>
    <styles xmi:type="notation:FillStyle" xmi:id="_bGRWs9wPEe-ON53ZGnlopQ"/>
    <element xmi:type="map:Join" href="resource.map#_bFLxkNwPEe-ON53ZGnlopQ?fileId=_Mtl70NtdEe-WqZzf9NOHeA$type=map?"/>
    <layoutConstraint xmi:type="notation:Bounds" xmi:id="_bGRWtNwPEe-ON53ZGnlopQ" x="1508" y="868"/>
  </children>
  <children xmi:type="notation:Node" xmi:id="_tg-iANwQEe-ON53ZGnlopQ" type="2005">
    <styles xmi:type="notation:DescriptionStyle" xmi:id="_tg-iAdwQEe-ON53ZGnlopQ"/>
    <styles xmi:type="notation:FontStyle" xmi:id="_tg-iAtwQEe-ON53ZGnlopQ" fontName="Segoe UI"/>
    <styles xmi:type="notation:FillStyle" xmi:id="_tg-iA9wQEe-ON53ZGnlopQ"/>
    <element xmi:type="map:Join" href="resource.map#_tfpsUNwQEe-ON53ZGnlopQ?fileId=_Mtl70NtdEe-WqZzf9NOHeA$type=map?"/>
    <layoutConstraint xmi:type="notation:Bounds" xmi:id="_tg-iBNwQEe-ON53ZGnlopQ" x="1962" y="1063"/>
  </children>
  <children xmi:type="notation:Shape" xmi:id="_5EIjgNwNEe-ON53ZGnlopQ" type="2004" fontName="Segoe UI">
    <children xmi:type="notation:DecorationNode" xmi:id="_5EJKkNwNEe-ON53ZGnlopQ" type="5005"/>
    <children xmi:type="notation:DecorationNode" xmi:id="_5EJKkdwNEe-ON53ZGnlopQ" type="5007"/>
    <children xmi:type="notation:DecorationNode" xmi:id="_5EJKktwNEe-ON53ZGnlopQ" type="7003"/>
    <children xmi:type="notation:DecorationNode" xmi:id="_5EJKk9wNEe-ON53ZGnlopQ" type="7009"/>
    <children xmi:type="notation:BasicCompartment" xmi:id="_5EJKlNwNEe-ON53ZGnlopQ" type="7004">
      <styles xmi:type="notation:SortingStyle" xmi:id="_5EJKldwNEe-ON53ZGnlopQ"/>
      <styles xmi:type="notation:FilteringStyle" xmi:id="_5EJKltwNEe-ON53ZGnlopQ"/>
    </children>
    <children xmi:type="notation:DecorationNode" xmi:id="_5EJKl9wNEe-ON53ZGnlopQ" type="5009">
      <styles xmi:type="notation:DrawerStyle" xmi:id="_5EJKmNwNEe-ON53ZGnlopQ"/>
    </children>
    <children xmi:type="notation:DecorationNode" xmi:id="_5EJKmdwNEe-ON53ZGnlopQ" type="7005">
      <styles xmi:type="notation:SortingStyle" xmi:id="_5EJKmtwNEe-ON53ZGnlopQ"/>
      <styles xmi:type="notation:FilteringStyle" xmi:id="_5EJKm9wNEe-ON53ZGnlopQ"/>
    </children>
    <children xmi:type="notation:BasicCompartment" xmi:id="_5EJKnNwNEe-ON53ZGnlopQ" type="7007"/>
    <element xmi:type="map:Datastore" href="resource.map#_5DS2ANwNEe-ON53ZGnlopQ?fileId=_Mtl70NtdEe-WqZzf9NOHeA$type=map?"/>
    <layoutConstraint xmi:type="notation:Bounds" xmi:id="_5EIjgdwNEe-ON53ZGnlopQ" x="690" y="462"/>
  </children>
  <children xmi:type="notation:Shape" xmi:id="_AxyywNwOEe-ON53ZGnlopQ" type="2004" fontName="Segoe UI">
    <children xmi:type="notation:DecorationNode" xmi:id="_AxzZ0NwOEe-ON53ZGnlopQ" type="5005"/>
    <children xmi:type="notation:DecorationNode" xmi:id="_AxzZ0dwOEe-ON53ZGnlopQ" type="5007"/>
    <children xmi:type="notation:DecorationNode" xmi:id="_AxzZ0twOEe-ON53ZGnlopQ" type="7003"/>
    <children xmi:type="notation:DecorationNode" xmi:id="_AxzZ09wOEe-ON53ZGnlopQ" type="7009"/>
    <children xmi:type="notation:BasicCompartment" xmi:id="_AxzZ1NwOEe-ON53ZGnlopQ" type="7004">
      <styles xmi:type="notation:SortingStyle" xmi:id="_AxzZ1dwOEe-ON53ZGnlopQ"/>
      <styles xmi:type="notation:FilteringStyle" xmi:id="_AxzZ1twOEe-ON53ZGnlopQ"/>
    </children>
    <children xmi:type="notation:DecorationNode" xmi:id="_AxzZ19wOEe-ON53ZGnlopQ" type="5009">
      <styles xmi:type="notation:DrawerStyle" xmi:id="_AxzZ2NwOEe-ON53ZGnlopQ"/>
    </children>
    <children xmi:type="notation:DecorationNode" xmi:id="_Ax0A4NwOEe-ON53ZGnlopQ" type="7005">
      <styles xmi:type="notation:SortingStyle" xmi:id="_Ax0A4dwOEe-ON53ZGnlopQ"/>
      <styles xmi:type="notation:FilteringStyle" xmi:id="_Ax0A4twOEe-ON53ZGnlopQ"/>
    </children>
    <children xmi:type="notation:BasicCompartment" xmi:id="_Ax0A49wOEe-ON53ZGnlopQ" type="7007"/>
    <element xmi:type="map:Datastore" href="resource.map#_AxoasNwOEe-ON53ZGnlopQ?fileId=_Mtl70NtdEe-WqZzf9NOHeA$type=map?"/>
    <layoutConstraint xmi:type="notation:Bounds" xmi:id="_AxyywdwOEe-ON53ZGnlopQ" x="252" y="270"/>
  </children>
  <children xmi:type="notation:Shape" xmi:id="_odMJ8NwOEe-ON53ZGnlopQ" type="2004" fontName="Segoe UI">
    <children xmi:type="notation:DecorationNode" xmi:id="_odMJ8twOEe-ON53ZGnlopQ" type="5005"/>
    <children xmi:type="notation:DecorationNode" xmi:id="_odMJ89wOEe-ON53ZGnlopQ" type="5007"/>
    <children xmi:type="notation:DecorationNode" xmi:id="_odMJ9NwOEe-ON53ZGnlopQ" type="7003"/>
    <children xmi:type="notation:DecorationNode" xmi:id="_odMJ9dwOEe-ON53ZGnlopQ" type="7009"/>
    <children xmi:type="notation:BasicCompartment" xmi:id="_odMJ9twOEe-ON53ZGnlopQ" type="7004">
      <styles xmi:type="notation:SortingStyle" xmi:id="_odMxANwOEe-ON53ZGnlopQ"/>
      <styles xmi:type="notation:FilteringStyle" xmi:id="_odMxAdwOEe-ON53ZGnlopQ"/>
    </children>
    <children xmi:type="notation:DecorationNode" xmi:id="_odMxAtwOEe-ON53ZGnlopQ" type="5009">
      <styles xmi:type="notation:DrawerStyle" xmi:id="_odMxA9wOEe-ON53ZGnlopQ"/>
    </children>
    <children xmi:type="notation:DecorationNode" xmi:id="_odMxBNwOEe-ON53ZGnlopQ" type="7005">
      <styles xmi:type="notation:SortingStyle" xmi:id="_odMxBdwOEe-ON53ZGnlopQ"/>
      <styles xmi:type="notation:FilteringStyle" xmi:id="_odMxBtwOEe-ON53ZGnlopQ"/>
    </children>
    <children xmi:type="notation:BasicCompartment" xmi:id="_odMxB9wOEe-ON53ZGnlopQ" type="7007"/>
    <element xmi:type="map:Datastore" href="resource.map#_ocXDgNwOEe-ON53ZGnlopQ?fileId=_Mtl70NtdEe-WqZzf9NOHeA$type=map?"/>
    <layoutConstraint xmi:type="notation:Bounds" xmi:id="_odMJ8dwOEe-ON53ZGnlopQ" x="1146" y="650"/>
  </children>
  <children xmi:type="notation:Shape" xmi:id="_eg4m8NwQEe-ON53ZGnlopQ" type="2004" fontName="Segoe UI">
    <children xmi:type="notation:DecorationNode" xmi:id="_eg4m8twQEe-ON53ZGnlopQ" type="5005"/>
    <children xmi:type="notation:DecorationNode" xmi:id="_eg4m89wQEe-ON53ZGnlopQ" type="5007"/>
    <children xmi:type="notation:DecorationNode" xmi:id="_eg4m9NwQEe-ON53ZGnlopQ" type="7003"/>
    <children xmi:type="notation:DecorationNode" xmi:id="_eg4m9dwQEe-ON53ZGnlopQ" type="7009"/>
    <children xmi:type="notation:BasicCompartment" xmi:id="_eg4m9twQEe-ON53ZGnlopQ" type="7004">
      <styles xmi:type="notation:SortingStyle" xmi:id="_eg4m99wQEe-ON53ZGnlopQ"/>
      <styles xmi:type="notation:FilteringStyle" xmi:id="_eg4m-NwQEe-ON53ZGnlopQ"/>
    </children>
    <children xmi:type="notation:DecorationNode" xmi:id="_eg4m-dwQEe-ON53ZGnlopQ" type="5009">
      <styles xmi:type="notation:DrawerStyle" xmi:id="_eg4m-twQEe-ON53ZGnlopQ"/>
    </children>
    <children xmi:type="notation:DecorationNode" xmi:id="_eg4m-9wQEe-ON53ZGnlopQ" type="7005">
      <styles xmi:type="notation:SortingStyle" xmi:id="_eg4m_NwQEe-ON53ZGnlopQ"/>
      <styles xmi:type="notation:FilteringStyle" xmi:id="_eg4m_dwQEe-ON53ZGnlopQ"/>
    </children>
    <children xmi:type="notation:BasicCompartment" xmi:id="_eg4m_twQEe-ON53ZGnlopQ" type="7007"/>
    <element xmi:type="map:Datastore" href="resource.map#_efoCsNwQEe-ON53ZGnlopQ?fileId=_Mtl70NtdEe-WqZzf9NOHeA$type=map?"/>
    <layoutConstraint xmi:type="notation:Bounds" xmi:id="_eg4m8dwQEe-ON53ZGnlopQ" x="1602" y="829"/>
  </children>
  <children xmi:type="notation:Shape" xmi:id="_Oga-kNwREe-ON53ZGnlopQ" type="2004" fontName="Segoe UI">
    <children xmi:type="notation:DecorationNode" xmi:id="_Oga-ktwREe-ON53ZGnlopQ" type="5005"/>
    <children xmi:type="notation:DecorationNode" xmi:id="_Oga-k9wREe-ON53ZGnlopQ" type="5007"/>
    <children xmi:type="notation:DecorationNode" xmi:id="_Oga-lNwREe-ON53ZGnlopQ" type="7003"/>
    <children xmi:type="notation:DecorationNode" xmi:id="_Oga-ldwREe-ON53ZGnlopQ" type="7009"/>
    <children xmi:type="notation:BasicCompartment" xmi:id="_Oga-ltwREe-ON53ZGnlopQ" type="7004">
      <styles xmi:type="notation:SortingStyle" xmi:id="_Oga-l9wREe-ON53ZGnlopQ"/>
      <styles xmi:type="notation:FilteringStyle" xmi:id="_Oga-mNwREe-ON53ZGnlopQ"/>
    </children>
    <children xmi:type="notation:DecorationNode" xmi:id="_Oga-mdwREe-ON53ZGnlopQ" type="5009">
      <styles xmi:type="notation:DrawerStyle" xmi:id="_Oga-mtwREe-ON53ZGnlopQ"/>
    </children>
    <children xmi:type="notation:DecorationNode" xmi:id="_Oga-m9wREe-ON53ZGnlopQ" type="7005">
      <styles xmi:type="notation:SortingStyle" xmi:id="_Oga-nNwREe-ON53ZGnlopQ"/>
      <styles xmi:type="notation:FilteringStyle" xmi:id="_Oga-ndwREe-ON53ZGnlopQ"/>
    </children>
    <children xmi:type="notation:BasicCompartment" xmi:id="_Oga-ntwREe-ON53ZGnlopQ" type="7007"/>
    <element xmi:type="map:Datastore" href="resource.map#_OfSWINwREe-ON53ZGnlopQ?fileId=_Mtl70NtdEe-WqZzf9NOHeA$type=map?"/>
    <layoutConstraint xmi:type="notation:Bounds" xmi:id="_Oga-kdwREe-ON53ZGnlopQ" x="2056" y="936"/>
  </children>
  <children xmi:type="notation:Shape" xmi:id="_VlcGQNtdEe-WqZzf9NOHeA" type="2004" fontName="Segoe UI">
    <children xmi:type="notation:DecorationNode" xmi:id="_VlcGQttdEe-WqZzf9NOHeA" type="5005"/>
    <children xmi:type="notation:DecorationNode" xmi:id="_VlcGQ9tdEe-WqZzf9NOHeA" type="5007"/>
    <children xmi:type="notation:DecorationNode" xmi:id="_VlcGRNtdEe-WqZzf9NOHeA" type="7003"/>
    <children xmi:type="notation:DecorationNode" xmi:id="_VlcGRdtdEe-WqZzf9NOHeA" type="7009"/>
    <children xmi:type="notation:BasicCompartment" xmi:id="_VlcGRttdEe-WqZzf9NOHeA" type="7004">
      <styles xmi:type="notation:SortingStyle" xmi:id="_VlctUNtdEe-WqZzf9NOHeA"/>
      <styles xmi:type="notation:FilteringStyle" xmi:id="_VlctUdtdEe-WqZzf9NOHeA"/>
    </children>
    <children xmi:type="notation:DecorationNode" xmi:id="_VlctUttdEe-WqZzf9NOHeA" type="5009">
      <styles xmi:type="notation:DrawerStyle" xmi:id="_VlctU9tdEe-WqZzf9NOHeA"/>
    </children>
    <children xmi:type="notation:DecorationNode" xmi:id="_VlctVNtdEe-WqZzf9NOHeA" type="7005">
      <styles xmi:type="notation:SortingStyle" xmi:id="_VlctVdtdEe-WqZzf9NOHeA"/>
      <styles xmi:type="notation:FilteringStyle" xmi:id="_VlctVttdEe-WqZzf9NOHeA"/>
    </children>
    <children xmi:type="notation:BasicCompartment" xmi:id="_VlctV9tdEe-WqZzf9NOHeA" type="7007"/>
    <element xmi:type="map:Datastore" href="resource.map#_VlH9MNtdEe-WqZzf9NOHeA?fileId=_Mtl70NtdEe-WqZzf9NOHeA$type=map?"/>
    <layoutConstraint xmi:type="notation:Bounds" xmi:id="_VlcGQdtdEe-WqZzf9NOHeA" x="30" y="30"/>
  </children>
  <children xmi:type="notation:Shape" xmi:id="_pCEr0NtiEe-WqZzf9NOHeA" type="2004" fontName="Segoe UI">
    <children xmi:type="notation:DecorationNode" xmi:id="_pCEr0ttiEe-WqZzf9NOHeA" type="5005"/>
    <children xmi:type="notation:DecorationNode" xmi:id="_pCEr09tiEe-WqZzf9NOHeA" type="5007"/>
    <children xmi:type="notation:DecorationNode" xmi:id="_pCEr1NtiEe-WqZzf9NOHeA" type="7003"/>
    <children xmi:type="notation:DecorationNode" xmi:id="_pCEr1dtiEe-WqZzf9NOHeA" type="7009"/>
    <children xmi:type="notation:BasicCompartment" xmi:id="_pCEr1ttiEe-WqZzf9NOHeA" type="7004">
      <styles xmi:type="notation:SortingStyle" xmi:id="_pCEr19tiEe-WqZzf9NOHeA"/>
      <styles xmi:type="notation:FilteringStyle" xmi:id="_pCEr2NtiEe-WqZzf9NOHeA"/>
    </children>
    <children xmi:type="notation:DecorationNode" xmi:id="_pCEr2dtiEe-WqZzf9NOHeA" type="5009">
      <styles xmi:type="notation:DrawerStyle" xmi:id="_pCEr2ttiEe-WqZzf9NOHeA"/>
    </children>
    <children xmi:type="notation:DecorationNode" xmi:id="_pCEr29tiEe-WqZzf9NOHeA" type="7005">
      <styles xmi:type="notation:SortingStyle" xmi:id="_pCEr3NtiEe-WqZzf9NOHeA"/>
      <styles xmi:type="notation:FilteringStyle" xmi:id="_pCEr3dtiEe-WqZzf9NOHeA"/>
    </children>
    <children xmi:type="notation:BasicCompartment" xmi:id="_pCEr3ttiEe-WqZzf9NOHeA" type="7007"/>
    <element xmi:type="map:Datastore" href="resource.map#_pBqcINtiEe-WqZzf9NOHeA?fileId=_Mtl70NtdEe-WqZzf9NOHeA$type=map?"/>
    <layoutConstraint xmi:type="notation:Bounds" xmi:id="_pCEr0dtiEe-WqZzf9NOHeA" x="252" y="417"/>
  </children>
  <children xmi:type="notation:Shape" xmi:id="_mDMMsNwOEe-ON53ZGnlopQ" type="2004" fontName="Segoe UI">
    <children xmi:type="notation:DecorationNode" xmi:id="_mDMMstwOEe-ON53ZGnlopQ" type="5005"/>
    <children xmi:type="notation:DecorationNode" xmi:id="_mDMMs9wOEe-ON53ZGnlopQ" type="5007"/>
    <children xmi:type="notation:DecorationNode" xmi:id="_mDMMtNwOEe-ON53ZGnlopQ" type="7003"/>
    <children xmi:type="notation:DecorationNode" xmi:id="_mDMMtdwOEe-ON53ZGnlopQ" type="7009"/>
    <children xmi:type="notation:BasicCompartment" xmi:id="_mDMMttwOEe-ON53ZGnlopQ" type="7004">
      <styles xmi:type="notation:SortingStyle" xmi:id="_mDMMt9wOEe-ON53ZGnlopQ"/>
      <styles xmi:type="notation:FilteringStyle" xmi:id="_mDMMuNwOEe-ON53ZGnlopQ"/>
    </children>
    <children xmi:type="notation:DecorationNode" xmi:id="_mDMMudwOEe-ON53ZGnlopQ" type="5009">
      <styles xmi:type="notation:DrawerStyle" xmi:id="_mDMzwNwOEe-ON53ZGnlopQ"/>
    </children>
    <children xmi:type="notation:DecorationNode" xmi:id="_mDMzwdwOEe-ON53ZGnlopQ" type="7005">
      <styles xmi:type="notation:SortingStyle" xmi:id="_mDMzwtwOEe-ON53ZGnlopQ"/>
      <styles xmi:type="notation:FilteringStyle" xmi:id="_mDMzw9wOEe-ON53ZGnlopQ"/>
    </children>
    <children xmi:type="notation:BasicCompartment" xmi:id="_mDMzxNwOEe-ON53ZGnlopQ" type="7007"/>
    <element xmi:type="map:Datastore" href="resource.map#_mB_54NwOEe-ON53ZGnlopQ?fileId=_Mtl70NtdEe-WqZzf9NOHeA$type=map?"/>
    <layoutConstraint xmi:type="notation:Bounds" xmi:id="_mDMMsdwOEe-ON53ZGnlopQ" x="690" y="609"/>
  </children>
  <children xmi:type="notation:Shape" xmi:id="_UHwFYNwPEe-ON53ZGnlopQ" type="2004" fontName="Segoe UI">
    <children xmi:type="notation:DecorationNode" xmi:id="_UHwFYtwPEe-ON53ZGnlopQ" type="5005"/>
    <children xmi:type="notation:DecorationNode" xmi:id="_UHwFY9wPEe-ON53ZGnlopQ" type="5007"/>
    <children xmi:type="notation:DecorationNode" xmi:id="_UHwFZNwPEe-ON53ZGnlopQ" type="7003"/>
    <children xmi:type="notation:DecorationNode" xmi:id="_UHwFZdwPEe-ON53ZGnlopQ" type="7009"/>
    <children xmi:type="notation:BasicCompartment" xmi:id="_UHwFZtwPEe-ON53ZGnlopQ" type="7004">
      <styles xmi:type="notation:SortingStyle" xmi:id="_UHwFZ9wPEe-ON53ZGnlopQ"/>
      <styles xmi:type="notation:FilteringStyle" xmi:id="_UHwFaNwPEe-ON53ZGnlopQ"/>
    </children>
    <children xmi:type="notation:DecorationNode" xmi:id="_UHwFadwPEe-ON53ZGnlopQ" type="5009">
      <styles xmi:type="notation:DrawerStyle" xmi:id="_UHwFatwPEe-ON53ZGnlopQ"/>
    </children>
    <children xmi:type="notation:DecorationNode" xmi:id="_UHwscNwPEe-ON53ZGnlopQ" type="7005">
      <styles xmi:type="notation:SortingStyle" xmi:id="_UHwscdwPEe-ON53ZGnlopQ"/>
      <styles xmi:type="notation:FilteringStyle" xmi:id="_UHwsctwPEe-ON53ZGnlopQ"/>
    </children>
    <children xmi:type="notation:BasicCompartment" xmi:id="_UHwsc9wPEe-ON53ZGnlopQ" type="7007"/>
    <element xmi:type="map:Datastore" href="resource.map#_UFzkoNwPEe-ON53ZGnlopQ?fileId=_Mtl70NtdEe-WqZzf9NOHeA$type=map?"/>
    <layoutConstraint xmi:type="notation:Bounds" xmi:id="_UHwFYdwPEe-ON53ZGnlopQ" x="1146" y="797"/>
  </children>
  <children xmi:type="notation:Shape" xmi:id="_gqmsgNwQEe-ON53ZGnlopQ" type="2004" fontName="Segoe UI">
    <children xmi:type="notation:DecorationNode" xmi:id="_gqnTkNwQEe-ON53ZGnlopQ" type="5005"/>
    <children xmi:type="notation:DecorationNode" xmi:id="_gqnTkdwQEe-ON53ZGnlopQ" type="5007"/>
    <children xmi:type="notation:DecorationNode" xmi:id="_gqnTktwQEe-ON53ZGnlopQ" type="7003"/>
    <children xmi:type="notation:DecorationNode" xmi:id="_gqnTk9wQEe-ON53ZGnlopQ" type="7009"/>
    <children xmi:type="notation:BasicCompartment" xmi:id="_gqnTlNwQEe-ON53ZGnlopQ" type="7004">
      <styles xmi:type="notation:SortingStyle" xmi:id="_gqnTldwQEe-ON53ZGnlopQ"/>
      <styles xmi:type="notation:FilteringStyle" xmi:id="_gqnTltwQEe-ON53ZGnlopQ"/>
    </children>
    <children xmi:type="notation:DecorationNode" xmi:id="_gqnTl9wQEe-ON53ZGnlopQ" type="5009">
      <styles xmi:type="notation:DrawerStyle" xmi:id="_gqnTmNwQEe-ON53ZGnlopQ"/>
    </children>
    <children xmi:type="notation:DecorationNode" xmi:id="_gqnTmdwQEe-ON53ZGnlopQ" type="7005">
      <styles xmi:type="notation:SortingStyle" xmi:id="_gqnTmtwQEe-ON53ZGnlopQ"/>
      <styles xmi:type="notation:FilteringStyle" xmi:id="_gqnTm9wQEe-ON53ZGnlopQ"/>
    </children>
    <children xmi:type="notation:BasicCompartment" xmi:id="_gqnTnNwQEe-ON53ZGnlopQ" type="7007"/>
    <element xmi:type="map:Datastore" href="resource.map#_gpl_4NwQEe-ON53ZGnlopQ?fileId=_Mtl70NtdEe-WqZzf9NOHeA$type=map?"/>
    <layoutConstraint xmi:type="notation:Bounds" xmi:id="_gqmsgdwQEe-ON53ZGnlopQ" x="1602" y="992"/>
  </children>
  <styles xmi:type="notation:DiagramStyle" xmi:id="_Muhv8dtdEe-WqZzf9NOHeA"/>
  <element xmi:type="map:Map" href="resource.map#_Mtl70NtdEe-WqZzf9NOHeA?fileId=_Mtl70NtdEe-WqZzf9NOHeA$type=map$name=ALIM_SAS_MAGASIN?"/>
  <edges xmi:type="notation:Edge" xmi:id="_DHbNYNwOEe-ON53ZGnlopQ" type="targetLink" source="_AxyywNwOEe-ON53ZGnlopQ" target="_VlcGQNtdEe-WqZzf9NOHeA">
    <element xsi:nil="true"/>
    <bendpoints xmi:type="notation:RelativeBendpoints" xmi:id="_DHbNYdwOEe-ON53ZGnlopQ" points="[0, 0, 60, 0]$[-60, 0, 0, 0]"/>
    <sourceAnchor xmi:type="notation:IdentityAnchor" xmi:id="_R9AsINwPEe-ON53ZGnlopQ" id="(0.0,0.4942528735632184)"/>
    <targetAnchor xmi:type="notation:IdentityAnchor" xmi:id="_R9AsIdwPEe-ON53ZGnlopQ" id="(1.0,0.4991181657848324)"/>
  </edges>
  <edges xmi:type="notation:Edge" xmi:id="_DHdpoNwOEe-ON53ZGnlopQ" type="targetDataSetLink" source="_AxyywNwOEe-ON53ZGnlopQ" target="_AxyywNwOEe-ON53ZGnlopQ">
    <element xmi:type="map:DataSet" href="resource.map#_8GRe0NwNEe-ON53ZGnlopQ?fileId=_Mtl70NtdEe-WqZzf9NOHeA$type=map?"/>
    <bendpoints xmi:type="notation:RelativeBendpoints" xmi:id="_DHdpodwOEe-ON53ZGnlopQ" points="[0, 0, 0, 0]$[0, 0, 0, 0]"/>
  </edges>
  <edges xmi:type="notation:Edge" xmi:id="_DHe3wNwOEe-ON53ZGnlopQ" type="targetSetLink" source="_AxyywNwOEe-ON53ZGnlopQ" target="_AxyywNwOEe-ON53ZGnlopQ">
    <element xmi:type="map:SetDescriptor" href="resource.map#_DG3zwNwOEe-ON53ZGnlopQ?fileId=_Mtl70NtdEe-WqZzf9NOHeA$type=map?"/>
    <bendpoints xmi:type="notation:RelativeBendpoints" xmi:id="_DHe3wdwOEe-ON53ZGnlopQ" points="[0, 0, 0, 0]$[0, 0, 0, 0]"/>
  </edges>
  <edges xmi:type="notation:Edge" xmi:id="_E4FSsNwOEe-ON53ZGnlopQ" type="targetLink" source="_5EIjgNwNEe-ON53ZGnlopQ" target="_pCEr0NtiEe-WqZzf9NOHeA">
    <element xsi:nil="true"/>
    <bendpoints xmi:type="notation:RelativeBendpoints" xmi:id="_E4FSsdwOEe-ON53ZGnlopQ" points="[0, 0, 276, -35]$[-61, 35, 215, 0]$[-276, 35, 0, 0]"/>
    <sourceAnchor xmi:type="notation:IdentityAnchor" xmi:id="_R9DvctwPEe-ON53ZGnlopQ" id="(0.0,0.7471264367816092)"/>
    <targetAnchor xmi:type="notation:IdentityAnchor" xmi:id="_R9Dvc9wPEe-ON53ZGnlopQ" id="(1.0,0.25573192239858905)"/>
  </edges>
  <edges xmi:type="notation:Edge" xmi:id="_E4IWANwOEe-ON53ZGnlopQ" type="targetDataSetLink" source="_5EIjgNwNEe-ON53ZGnlopQ" target="_5EIjgNwNEe-ON53ZGnlopQ">
    <element xmi:type="map:DataSet" href="resource.map#_-RagsNwNEe-ON53ZGnlopQ?fileId=_Mtl70NtdEe-WqZzf9NOHeA$type=map?"/>
    <bendpoints xmi:type="notation:RelativeBendpoints" xmi:id="_E4IWAdwOEe-ON53ZGnlopQ" points="[0, 0, 0, 0]$[0, 0, 0, 0]"/>
  </edges>
  <edges xmi:type="notation:Edge" xmi:id="_E4KLMNwOEe-ON53ZGnlopQ" type="targetSetLink" source="_5EIjgNwNEe-ON53ZGnlopQ" target="_5EIjgNwNEe-ON53ZGnlopQ">
    <element xmi:type="map:SetDescriptor" href="resource.map#_E3RaYNwOEe-ON53ZGnlopQ?fileId=_Mtl70NtdEe-WqZzf9NOHeA$type=map?"/>
    <bendpoints xmi:type="notation:RelativeBendpoints" xmi:id="_E4KLMdwOEe-ON53ZGnlopQ" points="[0, 0, 0, 0]$[0, 0, 0, 0]"/>
  </edges>
  <edges xmi:type="notation:Edge" xmi:id="_QHH-ANwOEe-ON53ZGnlopQ" type="joinLink" source="_QHDskNwOEe-ON53ZGnlopQ" target="_pCEr0NtiEe-WqZzf9NOHeA">
    <element xsi:nil="true"/>
    <bendpoints xmi:type="notation:RelativeBendpoints" xmi:id="_QHH-AdwOEe-ON53ZGnlopQ" points="[0, 0, 216, 0]$[60, 0, 276, 0]"/>
    <sourceAnchor xmi:type="notation:IdentityAnchor" xmi:id="_R9BTMNwPEe-ON53ZGnlopQ" id="(1.0,0.48)"/>
    <targetAnchor xmi:type="notation:IdentityAnchor" xmi:id="_R9B6QNwPEe-ON53ZGnlopQ" id="(1.0,0.15520282186948853)"/>
  </edges>
  <edges xmi:type="notation:Edge" xmi:id="_QHIlENwOEe-ON53ZGnlopQ" type="joinLink" source="_QHDskNwOEe-ON53ZGnlopQ" target="_AxyywNwOEe-ON53ZGnlopQ">
    <element xsi:nil="true"/>
    <bendpoints xmi:type="notation:RelativeBendpoints" xmi:id="_QHIlEdwOEe-ON53ZGnlopQ" points="[0, 0, 94, -181]$[60, 0, 154, -181]"/>
    <sourceAnchor xmi:type="notation:IdentityAnchor" xmi:id="_R9AsItwPEe-ON53ZGnlopQ" id="(1.0,0.48)"/>
    <targetAnchor xmi:type="notation:IdentityAnchor" xmi:id="_R9AsI9wPEe-ON53ZGnlopQ" id="(1.0,0.6666666666666666)"/>
  </edges>
  <edges xmi:type="notation:Edge" xmi:id="_SWf_oNwOEe-ON53ZGnlopQ" type="targetLink" source="_5EIjgNwNEe-ON53ZGnlopQ" target="_AxyywNwOEe-ON53ZGnlopQ">
    <element xsi:nil="true"/>
    <bendpoints xmi:type="notation:RelativeBendpoints" xmi:id="_SWf_odwOEe-ON53ZGnlopQ" points="[0, 0, 154, 184]$[-154, -184, 0, 0]"/>
    <sourceAnchor xmi:type="notation:IdentityAnchor" xmi:id="_R9DIYtwPEe-ON53ZGnlopQ" id="(0.0,0.2413793103448276)"/>
    <targetAnchor xmi:type="notation:IdentityAnchor" xmi:id="_R9DIY9wPEe-ON53ZGnlopQ" id="(1.0,0.3333333333333333)"/>
  </edges>
  <edges xmi:type="notation:Edge" xmi:id="_rUmb8NwOEe-ON53ZGnlopQ" type="joinLink" source="_rUixkNwOEe-ON53ZGnlopQ" target="_mDMMsNwOEe-ON53ZGnlopQ">
    <element xsi:nil="true"/>
    <bendpoints xmi:type="notation:RelativeBendpoints" xmi:id="_rUmb8dwOEe-ON53ZGnlopQ" points="[0, 0, 234, 0]$[60, 0, 294, 0]"/>
    <sourceAnchor xmi:type="notation:IdentityAnchor" xmi:id="_R9AFENwPEe-ON53ZGnlopQ" id="(1.0,0.48)"/>
    <targetAnchor xmi:type="notation:IdentityAnchor" xmi:id="_R9AFEdwPEe-ON53ZGnlopQ" id="(1.0,0.14814814814814814)"/>
  </edges>
  <edges xmi:type="notation:Edge" xmi:id="_rUnqENwOEe-ON53ZGnlopQ" type="joinLink" source="_rUixkNwOEe-ON53ZGnlopQ" target="_5EIjgNwNEe-ON53ZGnlopQ">
    <element xsi:nil="true"/>
    <bendpoints xmi:type="notation:RelativeBendpoints" xmi:id="_rUnqEdwOEe-ON53ZGnlopQ" points="[0, 0, 94, 176]$[60, 0, 154, 176]"/>
    <sourceAnchor xmi:type="notation:IdentityAnchor" xmi:id="_R8_eANwPEe-ON53ZGnlopQ" id="(1.0,0.48)"/>
    <targetAnchor xmi:type="notation:IdentityAnchor" xmi:id="_R8_eAdwPEe-ON53ZGnlopQ" id="(1.0,0.6666666666666666)"/>
  </edges>
  <edges xmi:type="notation:Edge" xmi:id="_tz0QYNwOEe-ON53ZGnlopQ" type="targetLink" source="_odMJ8NwOEe-ON53ZGnlopQ" target="_mDMMsNwOEe-ON53ZGnlopQ">
    <element xsi:nil="true"/>
    <bendpoints xmi:type="notation:RelativeBendpoints" xmi:id="_tz0QYdwOEe-ON53ZGnlopQ" points="[0, 0, 294, -35]$[-61, 35, 233, 0]$[-294, 35, 0, 0]"/>
    <sourceAnchor xmi:type="notation:IdentityAnchor" xmi:id="_R9DIYNwPEe-ON53ZGnlopQ" id="(0.0,0.7471264367816092)"/>
    <targetAnchor xmi:type="notation:IdentityAnchor" xmi:id="_R9DIYdwPEe-ON53ZGnlopQ" id="(1.0,0.24867724867724866)"/>
  </edges>
  <edges xmi:type="notation:Edge" xmi:id="_tz3TsNwOEe-ON53ZGnlopQ" type="targetDataSetLink" source="_odMJ8NwOEe-ON53ZGnlopQ" target="_odMJ8NwOEe-ON53ZGnlopQ">
    <element xmi:type="map:DataSet" href="resource.map#_mCSNwNwOEe-ON53ZGnlopQ?fileId=_Mtl70NtdEe-WqZzf9NOHeA$type=map?"/>
    <bendpoints xmi:type="notation:RelativeBendpoints" xmi:id="_tz3TsdwOEe-ON53ZGnlopQ" points="[0, 0, 0, 0]$[0, 0, 0, 0]"/>
  </edges>
  <edges xmi:type="notation:Edge" xmi:id="_tz36wNwOEe-ON53ZGnlopQ" type="targetSetLink" source="_odMJ8NwOEe-ON53ZGnlopQ" target="_odMJ8NwOEe-ON53ZGnlopQ">
    <element xmi:type="map:SetDescriptor" href="resource.map#_tyXe4NwOEe-ON53ZGnlopQ?fileId=_Mtl70NtdEe-WqZzf9NOHeA$type=map?"/>
    <bendpoints xmi:type="notation:RelativeBendpoints" xmi:id="_tz36wdwOEe-ON53ZGnlopQ" points="[0, 0, 0, 0]$[0, 0, 0, 0]"/>
  </edges>
  <edges xmi:type="notation:Edge" xmi:id="_ug3joNwOEe-ON53ZGnlopQ" type="targetLink" source="_odMJ8NwOEe-ON53ZGnlopQ" target="_5EIjgNwNEe-ON53ZGnlopQ">
    <element xsi:nil="true"/>
    <bendpoints xmi:type="notation:RelativeBendpoints" xmi:id="_ug3jodwOEe-ON53ZGnlopQ" points="[0, 0, 154, 180]$[-154, -180, 0, 0]"/>
    <sourceAnchor xmi:type="notation:IdentityAnchor" xmi:id="_R9DvcNwPEe-ON53ZGnlopQ" id="(0.0,0.2413793103448276)"/>
    <targetAnchor xmi:type="notation:IdentityAnchor" xmi:id="_R9DvcdwPEe-ON53ZGnlopQ" id="(1.0,0.3333333333333333)"/>
  </edges>
  <edges xmi:type="notation:Edge" xmi:id="_bGVoINwPEe-ON53ZGnlopQ" type="joinLink" source="_bGRWsNwPEe-ON53ZGnlopQ" target="_odMJ8NwOEe-ON53ZGnlopQ">
    <element xsi:nil="true"/>
    <bendpoints xmi:type="notation:RelativeBendpoints" xmi:id="_bGVoIdwPEe-ON53ZGnlopQ" points="[17, 0, 309, 271]$[77, 0, 369, 271]"/>
    <sourceAnchor xmi:type="notation:IdentityAnchor" xmi:id="_wKmaMNwREe-ON53ZGnlopQ" id="(1.0,0.48)"/>
    <targetAnchor xmi:type="notation:IdentityAnchor" xmi:id="_wKmaMdwREe-ON53ZGnlopQ" id="(1.0,0.6666666666666666)"/>
  </edges>
  <edges xmi:type="notation:Edge" xmi:id="_bGWPMNwPEe-ON53ZGnlopQ" type="joinLink" source="_bGRWsNwPEe-ON53ZGnlopQ" target="_UHwFYNwPEe-ON53ZGnlopQ">
    <element xsi:nil="true"/>
    <bendpoints xmi:type="notation:RelativeBendpoints" xmi:id="_bGWPMdwPEe-ON53ZGnlopQ" points="[17, 0, 329, -203]$[77, 0, 389, -203]"/>
    <sourceAnchor xmi:type="notation:IdentityAnchor" xmi:id="_wKmaMtwREe-ON53ZGnlopQ" id="(1.0,0.48)"/>
    <targetAnchor xmi:type="notation:IdentityAnchor" xmi:id="_wKnBQNwREe-ON53ZGnlopQ" id="(1.0,0.14638447971781304)"/>
  </edges>
  <edges xmi:type="notation:Edge" xmi:id="_lLNw8NwQEe-ON53ZGnlopQ" type="targetLink" source="_eg4m8NwQEe-ON53ZGnlopQ" target="_UHwFYNwPEe-ON53ZGnlopQ">
    <element xsi:nil="true"/>
    <bendpoints xmi:type="notation:RelativeBendpoints" xmi:id="_lLNw8dwQEe-ON53ZGnlopQ" points="[0, 0, 294, -31]$[-61, 31, 233, 0]$[-294, 31, 0, 0]"/>
    <sourceAnchor xmi:type="notation:IdentityAnchor" xmi:id="_wKo2cNwREe-ON53ZGnlopQ" id="(0.0,0.7475728155339806)"/>
    <targetAnchor xmi:type="notation:IdentityAnchor" xmi:id="_wKo2cdwREe-ON53ZGnlopQ" id="(1.0,0.24691358024691357)"/>
  </edges>
  <edges xmi:type="notation:Edge" xmi:id="_lLPmINwQEe-ON53ZGnlopQ" type="targetDataSetLink" source="_eg4m8NwQEe-ON53ZGnlopQ" target="_eg4m8NwQEe-ON53ZGnlopQ">
    <element xmi:type="map:DataSet" href="resource.map#_ocg0gNwOEe-ON53ZGnlopQ?fileId=_Mtl70NtdEe-WqZzf9NOHeA$type=map?"/>
    <bendpoints xmi:type="notation:RelativeBendpoints" xmi:id="_lLPmIdwQEe-ON53ZGnlopQ" points="[0, 0, 0, 0]$[0, 0, 0, 0]"/>
  </edges>
  <edges xmi:type="notation:Edge" xmi:id="_lLQNMNwQEe-ON53ZGnlopQ" type="targetSetLink" source="_eg4m8NwQEe-ON53ZGnlopQ" target="_eg4m8NwQEe-ON53ZGnlopQ">
    <element xmi:type="map:SetDescriptor" href="resource.map#_lKCFMNwQEe-ON53ZGnlopQ?fileId=_Mtl70NtdEe-WqZzf9NOHeA$type=map?"/>
    <bendpoints xmi:type="notation:RelativeBendpoints" xmi:id="_lLQNMdwQEe-ON53ZGnlopQ" points="[0, 0, 0, 0]$[0, 0, 0, 0]"/>
  </edges>
  <edges xmi:type="notation:Edge" xmi:id="_mkuhkNwQEe-ON53ZGnlopQ" type="targetLink" source="_eg4m8NwQEe-ON53ZGnlopQ" target="_odMJ8NwOEe-ON53ZGnlopQ">
    <element xsi:nil="true"/>
    <bendpoints xmi:type="notation:RelativeBendpoints" xmi:id="_mkuhkdwQEe-ON53ZGnlopQ" points="[0, 0, 154, 175]$[-154, -175, 0, 0]"/>
    <sourceAnchor xmi:type="notation:IdentityAnchor" xmi:id="_wKpdgNwREe-ON53ZGnlopQ" id="(0.0,0.24271844660194175)"/>
    <targetAnchor xmi:type="notation:IdentityAnchor" xmi:id="_wKpdgdwREe-ON53ZGnlopQ" id="(1.0,0.3333333333333333)"/>
  </edges>
  <edges xmi:type="notation:Edge" xmi:id="_thCzcNwQEe-ON53ZGnlopQ" type="joinLink" source="_tg-iANwQEe-ON53ZGnlopQ" target="_eg4m8NwQEe-ON53ZGnlopQ">
    <element xsi:nil="true"/>
    <bendpoints xmi:type="notation:RelativeBendpoints" xmi:id="_thCzcdwQEe-ON53ZGnlopQ" points="[17, 0, 103, -287]$[77, 0, 163, -287]"/>
    <sourceAnchor xmi:type="notation:IdentityAnchor" xmi:id="_wKlMEtwREe-ON53ZGnlopQ" id="(1.0,0.48)"/>
    <targetAnchor xmi:type="notation:IdentityAnchor" xmi:id="_wKlME9wREe-ON53ZGnlopQ" id="(1.0,0.6601941747572816)"/>
  </edges>
  <edges xmi:type="notation:Edge" xmi:id="_thDagNwQEe-ON53ZGnlopQ" type="joinLink" source="_tg-iANwQEe-ON53ZGnlopQ" target="_gqmsgNwQEe-ON53ZGnlopQ">
    <element xsi:nil="true"/>
    <bendpoints xmi:type="notation:RelativeBendpoints" xmi:id="_thDagdwQEe-ON53ZGnlopQ" points="[17, 0, 216, 180]$[77, 0, 276, 180]"/>
    <sourceAnchor xmi:type="notation:IdentityAnchor" xmi:id="_wKlMENwREe-ON53ZGnlopQ" id="(1.0,0.48)"/>
    <targetAnchor xmi:type="notation:IdentityAnchor" xmi:id="_wKlMEdwREe-ON53ZGnlopQ" id="(1.0,0.14638447971781304)"/>
  </edges>
  <edges xmi:type="notation:Edge" xmi:id="_S-iIoNwREe-ON53ZGnlopQ" type="targetLink" source="_Oga-kNwREe-ON53ZGnlopQ" target="_gqmsgNwQEe-ON53ZGnlopQ">
    <element xsi:nil="true"/>
    <bendpoints xmi:type="notation:RelativeBendpoints" xmi:id="_S-iIodwREe-ON53ZGnlopQ" points="[0, 0, 292, 0]$[-292, 0, 0, 0]"/>
    <sourceAnchor xmi:type="notation:IdentityAnchor" xmi:id="_wKnoUNwREe-ON53ZGnlopQ" id="(0.0,0.931899641577061)"/>
    <targetAnchor xmi:type="notation:IdentityAnchor" xmi:id="_wKoPYNwREe-ON53ZGnlopQ" id="(1.0,0.35978835978835977)"/>
  </edges>
  <edges xmi:type="notation:Edge" xmi:id="_S-j90NwREe-ON53ZGnlopQ" type="targetDataSetLink" source="_Oga-kNwREe-ON53ZGnlopQ" target="_Oga-kNwREe-ON53ZGnlopQ">
    <element xmi:type="map:DataSet" href="resource.map#_gpq4YNwQEe-ON53ZGnlopQ?fileId=_Mtl70NtdEe-WqZzf9NOHeA$type=map?"/>
    <bendpoints xmi:type="notation:RelativeBendpoints" xmi:id="_S-j90dwREe-ON53ZGnlopQ" points="[0, 0, 0, 0]$[0, 0, 0, 0]"/>
  </edges>
  <edges xmi:type="notation:Edge" xmi:id="_S-j90twREe-ON53ZGnlopQ" type="targetSetLink" source="_Oga-kNwREe-ON53ZGnlopQ" target="_Oga-kNwREe-ON53ZGnlopQ">
    <element xmi:type="map:SetDescriptor" href="resource.map#_S9aHQNwREe-ON53ZGnlopQ?fileId=_Mtl70NtdEe-WqZzf9NOHeA$type=map?"/>
    <bendpoints xmi:type="notation:RelativeBendpoints" xmi:id="_S-j909wREe-ON53ZGnlopQ" points="[0, 0, 0, 0]$[0, 0, 0, 0]"/>
  </edges>
  <edges xmi:type="notation:Edge" xmi:id="_Tu8R4NwREe-ON53ZGnlopQ" type="targetLink" source="_Oga-kNwREe-ON53ZGnlopQ" target="_eg4m8NwQEe-ON53ZGnlopQ">
    <element xsi:nil="true"/>
    <bendpoints xmi:type="notation:RelativeBendpoints" xmi:id="_Tu8R4dwREe-ON53ZGnlopQ" points="[0, 0, 154, 142]$[-154, -142, 0, 0]"/>
    <sourceAnchor xmi:type="notation:IdentityAnchor" xmi:id="_wKoPYdwREe-ON53ZGnlopQ" id="(0.0,0.24731182795698925)"/>
    <targetAnchor xmi:type="notation:IdentityAnchor" xmi:id="_wKoPYtwREe-ON53ZGnlopQ" id="(1.0,0.3300970873786408)"/>
  </edges>
</notation:Diagram>
]]></diagram>
</map:map>