<?xml version="1.0" encoding="UTF-8"?>
<map:map xmlns:map="http://www.indy.com/v2/map" id="_MGiYcNnUEe-ZLcaEU23iqA" internalVersion="8" tech="resource.tech#_waYSMH8VEd2__Mzb_dB76A?fileId=_waYSMH8VEd2__Mzb_dB76A$type=tech$name=flow?">
  <datastore id="_O9ewYNnUEe-ZLcaEU23iqA" alias="Article" dataset="_O9msMNnUEe-ZLcaEU23iqA" ref="resource.md#_U2H0MNnTEe-ZLcaEU23iqA?fileId=_wERdANnSEe-OZtJVOz9TVA$type=md$name=Article?">
    <field id="_O9hMo9nUEe-ZLcaEU23iqA" fullAlias="FAM" name="FAM" parent="_O9glkNnUEe-ZLcaEU23iqA" ref="resource.md#__RgmxNnTEe-ZLcaEU23iqA?fileId=_wERdANnSEe-OZtJVOz9TVA$type=md$name=FAM?"/>
    <field id="_O9hMptnUEe-ZLcaEU23iqA" fullAlias="LIB_GEN" name="LIB_GEN" parent="_O9glkNnUEe-ZLcaEU23iqA" ref="resource.md#__Rgm0NnTEe-ZLcaEU23iqA?fileId=_wERdANnSEe-OZtJVOz9TVA$type=md$name=LIB_GEN?"/>
    <field id="_O9hMpdnUEe-ZLcaEU23iqA" fullAlias="PRX_VEN" name="PRX_VEN" parent="_O9glkNnUEe-ZLcaEU23iqA" ref="resource.md#__RgmzNnTEe-ZLcaEU23iqA?fileId=_wERdANnSEe-OZtJVOz9TVA$type=md$name=PRX_VEN?"/>
    <field id="_O9glktnUEe-ZLcaEU23iqA" fullAlias="LIB_MRQ" name="LIB_MRQ" parent="_O9glkNnUEe-ZLcaEU23iqA" ref="resource.md#__Rf_s9nTEe-ZLcaEU23iqA?fileId=_wERdANnSEe-OZtJVOz9TVA$type=md$name=LIB_MRQ?"/>
    <field id="_O9glk9nUEe-ZLcaEU23iqA" fullAlias="COD_ART" name="COD_ART" parent="_O9glkNnUEe-ZLcaEU23iqA" ref="resource.md#__Rf_t9nTEe-ZLcaEU23iqA?fileId=_wERdANnSEe-OZtJVOz9TVA$type=md$name=COD_ART?"/>
    <field id="_O9hMotnUEe-ZLcaEU23iqA" fullAlias="LIB_TAI" name="LIB_TAI" parent="_O9glkNnUEe-ZLcaEU23iqA" ref="resource.md#__RgmwNnTEe-ZLcaEU23iqA?fileId=_wERdANnSEe-OZtJVOz9TVA$type=md$name=LIB_TAI?"/>
    <field id="_O9hModnUEe-ZLcaEU23iqA" fullAlias="LIB_COL" name="LIB_COL" parent="_O9glkNnUEe-ZLcaEU23iqA" ref="resource.md#__Rf_v9nTEe-ZLcaEU23iqA?fileId=_wERdANnSEe-OZtJVOz9TVA$type=md$name=LIB_COL?"/>
    <field id="_O9glkNnUEe-ZLcaEU23iqA" expand="true" name="Article" ref="resource.md#_U2H0MNnTEe-ZLcaEU23iqA?fileId=_wERdANnSEe-OZtJVOz9TVA$type=md$name=Article?" updateKey="true"/>
    <field id="_O9hMoNnUEe-ZLcaEU23iqA" fullAlias="LIB_PRD" name="LIB_PRD" parent="_O9glkNnUEe-ZLcaEU23iqA" ref="resource.md#__Rf_u9nTEe-ZLcaEU23iqA?fileId=_wERdANnSEe-OZtJVOz9TVA$type=md$name=LIB_PRD?"/>
    <field id="_O9hMp9nUEe-ZLcaEU23iqA" fullAlias="CIB_TRN_AGE" name="CIB_TRN_AGE" parent="_O9glkNnUEe-ZLcaEU23iqA" ref="resource.md#__Rgm1NnTEe-ZLcaEU23iqA?fileId=_wERdANnSEe-OZtJVOz9TVA$type=md$name=CIB_TRN_AGE?"/>
    <field id="_O9hMpNnUEe-ZLcaEU23iqA" fullAlias="SS_FAM" name="SS_FAM" parent="_O9glkNnUEe-ZLcaEU23iqA" ref="resource.md#__RgmyNnTEe-ZLcaEU23iqA?fileId=_wERdANnSEe-OZtJVOz9TVA$type=md$name=SS_FAM?"/>
    <field id="_O9hMqNnUEe-ZLcaEU23iqA" fullAlias="COD_CAT" name="COD_CAT" parent="_O9glkNnUEe-ZLcaEU23iqA" ref="resource.md#__Rgm2NnTEe-ZLcaEU23iqA?fileId=_wERdANnSEe-OZtJVOz9TVA$type=md$name=COD_CAT?"/>
    <field id="_O9hMqdnUEe-ZLcaEU23iqA" fullAlias="LIB_CAT" name="LIB_CAT" parent="_O9glkNnUEe-ZLcaEU23iqA" ref="resource.md#__Rgm3NnTEe-ZLcaEU23iqA?fileId=_wERdANnSEe-OZtJVOz9TVA$type=md$name=LIB_CAT?"/>
    <field id="_O9glkdnUEe-ZLcaEU23iqA" fullAlias="COD_MRQ" name="COD_MRQ" parent="_O9glkNnUEe-ZLcaEU23iqA" ref="resource.md#__RfYoNnTEe-ZLcaEU23iqA?fileId=_wERdANnSEe-OZtJVOz9TVA$type=md$name=COD_MRQ?"/>
  </datastore>
  <datastore id="_7oBN8NqLEe-2vscanfRwMw" alias="SAS_ARTICLE" dataset="_7oE4UNqLEe-2vscanfRwMw" ref="resource.md#_kKMuNdqKEe-2vscanfRwMw?fileId=_3fJz0NnKEe-OZtJVOz9TVA$type=md$name=SAS_ARTICLE?" subExpression="[A]">
    <field id="_7oDDItqLEe-2vscanfRwMw" enable="true" insert="true" name="COD_ART" ref="resource.md#_kKMuRNqKEe-2vscanfRwMw?fileId=_3fJz0NnKEe-OZtJVOz9TVA$type=md$name=COD_ART?" update="true">
      <expression id="_8KkhYNqLEe-2vscanfRwMw" setDescriptorRef="_8Kj6UNqLEe-2vscanfRwMw">
        <expression>Article.COD_ART</expression>
      </expression>
    </field>
    <field id="_7oDDJtqLEe-2vscanfRwMw" enable="true" insert="true" name="FAM" ref="resource.md#_kKMuXNqKEe-2vscanfRwMw?fileId=_3fJz0NnKEe-OZtJVOz9TVA$type=md$name=FAM?" update="true">
      <expression id="_8KlIcNqLEe-2vscanfRwMw" setDescriptorRef="_8Kj6UNqLEe-2vscanfRwMw">
        <expression>Article.FAM</expression>
      </expression>
    </field>
    <field id="_7oDDKNqLEe-2vscanfRwMw" enable="true" insert="true" name="PRX_VEN" ref="resource.md#_kKNVIdqKEe-2vscanfRwMw?fileId=_3fJz0NnKEe-OZtJVOz9TVA$type=md$name=PRX_VEN?" update="true">
      <expression id="_8KlIcdqLEe-2vscanfRwMw" setDescriptorRef="_8Kj6UNqLEe-2vscanfRwMw">
        <expression>Article.PRX_VEN</expression>
      </expression>
    </field>
    <field id="_7oDDKtqLEe-2vscanfRwMw" enable="true" insert="true" name="CIB_TRN_AGE" ref="resource.md#_kKNVLdqKEe-2vscanfRwMw?fileId=_3fJz0NnKEe-OZtJVOz9TVA$type=md$name=CIB_TRN_AGE?" update="true">
      <expression id="_8KlIctqLEe-2vscanfRwMw" setDescriptorRef="_8Kj6UNqLEe-2vscanfRwMw">
        <expression>Article.CIB_TRN_AGE</expression>
      </expression>
    </field>
    <field id="_7oDDJNqLEe-2vscanfRwMw" enable="true" insert="true" name="LIB_COL" ref="resource.md#_kKMuUNqKEe-2vscanfRwMw?fileId=_3fJz0NnKEe-OZtJVOz9TVA$type=md$name=LIB_COL?" update="true">
      <expression id="_8KlvgNqLEe-2vscanfRwMw" setDescriptorRef="_8Kj6UNqLEe-2vscanfRwMw">
        <expression>Article.LIB_COL</expression>
      </expression>
    </field>
    <field id="_7oDDJdqLEe-2vscanfRwMw" enable="true" insert="true" name="LIB_TAI" ref="resource.md#_kKMuVtqKEe-2vscanfRwMw?fileId=_3fJz0NnKEe-OZtJVOz9TVA$type=md$name=LIB_TAI?" update="true">
      <expression id="_8KlvgdqLEe-2vscanfRwMw" setDescriptorRef="_8Kj6UNqLEe-2vscanfRwMw">
        <expression>Article.LIB_TAI</expression>
      </expression>
    </field>
    <field id="_7oDDKdqLEe-2vscanfRwMw" enable="true" insert="true" name="LIB_GEN" ref="resource.md#_kKNVJ9qKEe-2vscanfRwMw?fileId=_3fJz0NnKEe-OZtJVOz9TVA$type=md$name=LIB_GEN?" update="true">
      <expression id="_8KlvgtqLEe-2vscanfRwMw" setDescriptorRef="_8Kj6UNqLEe-2vscanfRwMw">
        <expression>Article.LIB_GEN</expression>
      </expression>
    </field>
    <field id="_7oDDK9qLEe-2vscanfRwMw" enable="true" insert="true" name="COD_CAT" ref="resource.md#_kKNVM9qKEe-2vscanfRwMw?fileId=_3fJz0NnKEe-OZtJVOz9TVA$type=md$name=COD_CAT?" update="true">
      <expression id="_8KmWkNqLEe-2vscanfRwMw" setDescriptorRef="_8Kj6UNqLEe-2vscanfRwMw">
        <expression>Article.COD_CAT</expression>
      </expression>
    </field>
    <field id="_7oDDIdqLEe-2vscanfRwMw" enable="true" insert="true" name="LIB_MRQ" ref="resource.md#_kKMuPtqKEe-2vscanfRwMw?fileId=_3fJz0NnKEe-OZtJVOz9TVA$type=md$name=LIB_MRQ?" update="true">
      <expression id="_8KmWkdqLEe-2vscanfRwMw" setDescriptorRef="_8Kj6UNqLEe-2vscanfRwMw">
        <expression>Article.LIB_MRQ</expression>
      </expression>
    </field>
    <field id="_7oDDJ9qLEe-2vscanfRwMw" enable="true" insert="true" name="SS_FAM" ref="resource.md#_kKMuYtqKEe-2vscanfRwMw?fileId=_3fJz0NnKEe-OZtJVOz9TVA$type=md$name=SS_FAM?" update="true">
      <expression id="_8KmWktqLEe-2vscanfRwMw" setDescriptorRef="_8Kj6UNqLEe-2vscanfRwMw">
        <expression>Article.SS_FAM</expression>
      </expression>
    </field>
    <field id="_7oDDI9qLEe-2vscanfRwMw" enable="true" insert="true" name="LIB_PRD" ref="resource.md#_kKMuStqKEe-2vscanfRwMw?fileId=_3fJz0NnKEe-OZtJVOz9TVA$type=md$name=LIB_PRD?" update="true">
      <expression id="_8Km9oNqLEe-2vscanfRwMw" setDescriptorRef="_8Kj6UNqLEe-2vscanfRwMw">
        <expression>Article.LIB_PRD</expression>
      </expression>
    </field>
    <field id="_7oDDINqLEe-2vscanfRwMw" enable="true" insert="true" name="COD_MRQ" ref="resource.md#_kKMuONqKEe-2vscanfRwMw?fileId=_3fJz0NnKEe-OZtJVOz9TVA$type=md$name=COD_MRQ?" update="true">
      <expression id="_8Km9odqLEe-2vscanfRwMw" setDescriptorRef="_8Kj6UNqLEe-2vscanfRwMw">
        <expression>Article.COD_MRQ</expression>
      </expression>
    </field>
    <field id="_7oDDLNqLEe-2vscanfRwMw" enable="true" insert="true" name="LIB_CAT" ref="resource.md#_kKNVOdqKEe-2vscanfRwMw?fileId=_3fJz0NnKEe-OZtJVOz9TVA$type=md$name=LIB_CAT?" update="true">
      <expression id="_8KnksNqLEe-2vscanfRwMw" setDescriptorRef="_8Kj6UNqLEe-2vscanfRwMw">
        <expression>Article.LIB_CAT</expression>
      </expression>
    </field>
    <setDescriptor id="_8Kj6UNqLEe-2vscanfRwMw" label="A"/>
  </datastore>
  <template id="_8KrPENqLEe-2vscanfRwMw" name="I_SAS_ARTICLE" process="resource.proc#_jkWgEFEJEeO7Vo9WeM2sCg?fileId=_jkWgEFEJEeO7Vo9WeM2sCg$type=proc$name=INTEGRATION%20Oracle?" targetId="_7oBN8NqLEe-2vscanfRwMw"/>
  <template id="_8LVWYNqLEe-2vscanfRwMw" name="L1_SAS_ARTICLE" process="resource.proc#__GgYEPe-EeyqV6P8kNCtmA?fileId=__GgYEPe-EeyqV6P8kNCtmA$type=proc$name=LOAD%20File%20to%20Oracle?" sourceId="_O9ewYNnUEe-ZLcaEU23iqA" targetId="_7oBN8NqLEe-2vscanfRwMw"/>
  <dataSet id="_O9msMNnUEe-ZLcaEU23iqA">
    <container>_O9ewYNnUEe-ZLcaEU23iqA</container>
  </dataSet>
  <dataSet id="_7oE4UNqLEe-2vscanfRwMw">
    <container>_7oBN8NqLEe-2vscanfRwMw</container>
  </dataSet>
  <hint>
    <usedField>#_O9hMo9nUEe-ZLcaEU23iqA</usedField>
    <usedField>#_O9hMptnUEe-ZLcaEU23iqA</usedField>
    <usedField>#_O9hMpdnUEe-ZLcaEU23iqA</usedField>
    <usedField>#_O9glktnUEe-ZLcaEU23iqA</usedField>
    <usedField>#_O9glk9nUEe-ZLcaEU23iqA</usedField>
    <usedField>#_O9hMotnUEe-ZLcaEU23iqA</usedField>
    <usedField>#_O9hModnUEe-ZLcaEU23iqA</usedField>
    <usedField>#_O9hMoNnUEe-ZLcaEU23iqA</usedField>
    <usedField>#_O9hMp9nUEe-ZLcaEU23iqA</usedField>
    <usedField>#_O9hMpNnUEe-ZLcaEU23iqA</usedField>
    <usedField>#_O9hMqNnUEe-ZLcaEU23iqA</usedField>
    <usedField>#_O9hMqdnUEe-ZLcaEU23iqA</usedField>
    <usedField>#_O9glkdnUEe-ZLcaEU23iqA</usedField>
  </hint>
  <diagram><![CDATA[<?xml version="1.0" encoding="UTF-8"?>
<notation:Diagram xmi:version="2.0" xmlns:xmi="http://www.omg.org/XMI" xmlns:xsi="http://www.w3.org/2001/XMLSchema-instance" xmlns:map="http://www.indy.com/v2/map" xmlns:notation="http://www.eclipse.org/gmf/runtime/1.0.1/notation" xsi:schemaLocation="http://www.eclipse.org/gmf/runtime/1.0.1/notation " xmi:id="_MSnFkNnUEe-ZLcaEU23iqA" type="Map" measurementUnit="Pixel">
  <children xmi:type="notation:Shape" xmi:id="_O918wNnUEe-ZLcaEU23iqA" type="2004" fontName="Segoe UI">
    <children xmi:type="notation:DecorationNode" xmi:id="_O92j0NnUEe-ZLcaEU23iqA" type="5005"/>
    <children xmi:type="notation:DecorationNode" xmi:id="_O92j0dnUEe-ZLcaEU23iqA" type="5007"/>
    <children xmi:type="notation:DecorationNode" xmi:id="_O92j0tnUEe-ZLcaEU23iqA" type="7003"/>
    <children xmi:type="notation:DecorationNode" xmi:id="_O92j09nUEe-ZLcaEU23iqA" type="7009"/>
    <children xmi:type="notation:BasicCompartment" xmi:id="_O92j1NnUEe-ZLcaEU23iqA" type="7004">
      <styles xmi:type="notation:SortingStyle" xmi:id="_O92j1dnUEe-ZLcaEU23iqA"/>
      <styles xmi:type="notation:FilteringStyle" xmi:id="_O92j1tnUEe-ZLcaEU23iqA"/>
    </children>
    <children xmi:type="notation:DecorationNode" xmi:id="_O92j19nUEe-ZLcaEU23iqA" type="5009">
      <styles xmi:type="notation:DrawerStyle" xmi:id="_O92j2NnUEe-ZLcaEU23iqA"/>
    </children>
    <children xmi:type="notation:DecorationNode" xmi:id="_O92j2dnUEe-ZLcaEU23iqA" type="7005">
      <styles xmi:type="notation:SortingStyle" xmi:id="_O92j2tnUEe-ZLcaEU23iqA"/>
      <styles xmi:type="notation:FilteringStyle" xmi:id="_O92j29nUEe-ZLcaEU23iqA"/>
    </children>
    <children xmi:type="notation:BasicCompartment" xmi:id="_O93K4NnUEe-ZLcaEU23iqA" type="7007"/>
    <element xmi:type="map:Datastore" href="resource.map#_O9ewYNnUEe-ZLcaEU23iqA?fileId=_MGiYcNnUEe-ZLcaEU23iqA$type=map?"/>
    <layoutConstraint xmi:type="notation:Bounds" xmi:id="_O918wdnUEe-ZLcaEU23iqA" x="207" y="193"/>
  </children>
  <children xmi:type="notation:Shape" xmi:id="_7oJJwNqLEe-2vscanfRwMw" type="2004" fontName="Segoe UI">
    <children xmi:type="notation:DecorationNode" xmi:id="_7oJw0NqLEe-2vscanfRwMw" type="5005"/>
    <children xmi:type="notation:DecorationNode" xmi:id="_7oJw0dqLEe-2vscanfRwMw" type="5007"/>
    <children xmi:type="notation:DecorationNode" xmi:id="_7oJw0tqLEe-2vscanfRwMw" type="7003"/>
    <children xmi:type="notation:DecorationNode" xmi:id="_7oJw09qLEe-2vscanfRwMw" type="7009"/>
    <children xmi:type="notation:BasicCompartment" xmi:id="_7oJw1NqLEe-2vscanfRwMw" type="7004">
      <styles xmi:type="notation:SortingStyle" xmi:id="_7oJw1dqLEe-2vscanfRwMw"/>
      <styles xmi:type="notation:FilteringStyle" xmi:id="_7oJw1tqLEe-2vscanfRwMw"/>
    </children>
    <children xmi:type="notation:DecorationNode" xmi:id="_7oJw19qLEe-2vscanfRwMw" type="5009">
      <styles xmi:type="notation:DrawerStyle" xmi:id="_7oJw2NqLEe-2vscanfRwMw"/>
    </children>
    <children xmi:type="notation:DecorationNode" xmi:id="_7oJw2dqLEe-2vscanfRwMw" type="7005">
      <styles xmi:type="notation:SortingStyle" xmi:id="_7oJw2tqLEe-2vscanfRwMw"/>
      <styles xmi:type="notation:FilteringStyle" xmi:id="_7oJw29qLEe-2vscanfRwMw"/>
    </children>
    <children xmi:type="notation:BasicCompartment" xmi:id="_7oJw3NqLEe-2vscanfRwMw" type="7007"/>
    <element xmi:type="map:Datastore" href="resource.map#_7oBN8NqLEe-2vscanfRwMw?fileId=_MGiYcNnUEe-ZLcaEU23iqA$type=map?"/>
    <layoutConstraint xmi:type="notation:Bounds" xmi:id="_7oJJwdqLEe-2vscanfRwMw" x="737" y="210"/>
  </children>
  <styles xmi:type="notation:DiagramStyle" xmi:id="_MSnsoNnUEe-ZLcaEU23iqA"/>
  <element xmi:type="map:Map" href="resource.map#_MGiYcNnUEe-ZLcaEU23iqA?fileId=_MGiYcNnUEe-ZLcaEU23iqA$type=map$name=ALIM_SAS_ARTICLE?"/>
  <edges xmi:type="notation:Edge" xmi:id="_8LKXQNqLEe-2vscanfRwMw" type="targetLink" source="_7oJJwNqLEe-2vscanfRwMw" target="_O918wNnUEe-ZLcaEU23iqA">
    <element xsi:nil="true"/>
    <bendpoints xmi:type="notation:RelativeBendpoints" xmi:id="_8LKXQdqLEe-2vscanfRwMw" points="[-81, -9, 443, 0]$[-437, 0, 87, 9]"/>
  </edges>
  <edges xmi:type="notation:Edge" xmi:id="_8LLlYNqLEe-2vscanfRwMw" type="targetDataSetLink" source="_7oJJwNqLEe-2vscanfRwMw" target="_7oJJwNqLEe-2vscanfRwMw">
    <element xmi:type="map:DataSet" href="resource.map#_O9msMNnUEe-ZLcaEU23iqA?fileId=_MGiYcNnUEe-ZLcaEU23iqA$type=map?"/>
    <bendpoints xmi:type="notation:RelativeBendpoints" xmi:id="_8LLlYdqLEe-2vscanfRwMw" points="[0, 0, 0, 0]$[0, 0, 0, 0]"/>
  </edges>
  <edges xmi:type="notation:Edge" xmi:id="_8LMMcNqLEe-2vscanfRwMw" type="targetSetLink" source="_7oJJwNqLEe-2vscanfRwMw" target="_7oJJwNqLEe-2vscanfRwMw">
    <element xmi:type="map:SetDescriptor" href="resource.map#_8Kj6UNqLEe-2vscanfRwMw?fileId=_MGiYcNnUEe-ZLcaEU23iqA$type=map?"/>
    <bendpoints xmi:type="notation:RelativeBendpoints" xmi:id="_8LMMcdqLEe-2vscanfRwMw" points="[0, 0, 0, 0]$[0, 0, 0, 0]"/>
  </edges>
</notation:Diagram>
]]></diagram>
</map:map>